Archive member included to satisfy reference by file (symbol)

e:/st/stm32cubeide_1.7.0/stm32cubeide/plugins/com.st.stm32cube.ide.mcu.externaltools.gnu-tools-for-stm32.9-2020-q2-update.win32_2.0.0.202105311346/tools/bin/../lib/gcc/arm-none-eabi/9.3.1/../../../../arm-none-eabi/lib/thumb/v7e-m+fp/hard\libc_nano.a(lib_a-errno.o)
                              ./Src/syscalls.o (__errno)
e:/st/stm32cubeide_1.7.0/stm32cubeide/plugins/com.st.stm32cube.ide.mcu.externaltools.gnu-tools-for-stm32.9-2020-q2-update.win32_2.0.0.202105311346/tools/bin/../lib/gcc/arm-none-eabi/9.3.1/../../../../arm-none-eabi/lib/thumb/v7e-m+fp/hard\libc_nano.a(lib_a-exit.o)
                              e:/st/stm32cubeide_1.7.0/stm32cubeide/plugins/com.st.stm32cube.ide.mcu.externaltools.gnu-tools-for-stm32.9-2020-q2-update.win32_2.0.0.202105311346/tools/bin/../lib/gcc/arm-none-eabi/9.3.1/../../../../arm-none-eabi/lib/thumb/v7e-m+fp/hard/crt0.o (exit)
e:/st/stm32cubeide_1.7.0/stm32cubeide/plugins/com.st.stm32cube.ide.mcu.externaltools.gnu-tools-for-stm32.9-2020-q2-update.win32_2.0.0.202105311346/tools/bin/../lib/gcc/arm-none-eabi/9.3.1/../../../../arm-none-eabi/lib/thumb/v7e-m+fp/hard\libc_nano.a(lib_a-impure.o)
                              e:/st/stm32cubeide_1.7.0/stm32cubeide/plugins/com.st.stm32cube.ide.mcu.externaltools.gnu-tools-for-stm32.9-2020-q2-update.win32_2.0.0.202105311346/tools/bin/../lib/gcc/arm-none-eabi/9.3.1/../../../../arm-none-eabi/lib/thumb/v7e-m+fp/hard\libc_nano.a(lib_a-exit.o) (_global_impure_ptr)
e:/st/stm32cubeide_1.7.0/stm32cubeide/plugins/com.st.stm32cube.ide.mcu.externaltools.gnu-tools-for-stm32.9-2020-q2-update.win32_2.0.0.202105311346/tools/bin/../lib/gcc/arm-none-eabi/9.3.1/../../../../arm-none-eabi/lib/thumb/v7e-m+fp/hard\libc_nano.a(lib_a-init.o)
                              e:/st/stm32cubeide_1.7.0/stm32cubeide/plugins/com.st.stm32cube.ide.mcu.externaltools.gnu-tools-for-stm32.9-2020-q2-update.win32_2.0.0.202105311346/tools/bin/../lib/gcc/arm-none-eabi/9.3.1/../../../../arm-none-eabi/lib/thumb/v7e-m+fp/hard/crt0.o (__libc_init_array)
e:/st/stm32cubeide_1.7.0/stm32cubeide/plugins/com.st.stm32cube.ide.mcu.externaltools.gnu-tools-for-stm32.9-2020-q2-update.win32_2.0.0.202105311346/tools/bin/../lib/gcc/arm-none-eabi/9.3.1/../../../../arm-none-eabi/lib/thumb/v7e-m+fp/hard\libc_nano.a(lib_a-memset.o)
                              e:/st/stm32cubeide_1.7.0/stm32cubeide/plugins/com.st.stm32cube.ide.mcu.externaltools.gnu-tools-for-stm32.9-2020-q2-update.win32_2.0.0.202105311346/tools/bin/../lib/gcc/arm-none-eabi/9.3.1/../../../../arm-none-eabi/lib/thumb/v7e-m+fp/hard/crt0.o (memset)
e:/st/stm32cubeide_1.7.0/stm32cubeide/plugins/com.st.stm32cube.ide.mcu.externaltools.gnu-tools-for-stm32.9-2020-q2-update.win32_2.0.0.202105311346/tools/bin/../lib/gcc/arm-none-eabi/9.3.1/../../../../arm-none-eabi/lib/thumb/v7e-m+fp/hard\libc_nano.a(lib_a-strlen.o)
                              ./Src/main.o (strlen)

Allocating common symbols
Common symbol       size              file

saved_time          0x8               ./Src/main.o
Display_sign        0x4               ./Src/display.o

Discarded input sections

 .text          0x0000000000000000        0x0 e:/st/stm32cubeide_1.7.0/stm32cubeide/plugins/com.st.stm32cube.ide.mcu.externaltools.gnu-tools-for-stm32.9-2020-q2-update.win32_2.0.0.202105311346/tools/bin/../lib/gcc/arm-none-eabi/9.3.1/thumb/v7e-m+fp/hard/crti.o
 .data          0x0000000000000000        0x0 e:/st/stm32cubeide_1.7.0/stm32cubeide/plugins/com.st.stm32cube.ide.mcu.externaltools.gnu-tools-for-stm32.9-2020-q2-update.win32_2.0.0.202105311346/tools/bin/../lib/gcc/arm-none-eabi/9.3.1/thumb/v7e-m+fp/hard/crti.o
 .bss           0x0000000000000000        0x0 e:/st/stm32cubeide_1.7.0/stm32cubeide/plugins/com.st.stm32cube.ide.mcu.externaltools.gnu-tools-for-stm32.9-2020-q2-update.win32_2.0.0.202105311346/tools/bin/../lib/gcc/arm-none-eabi/9.3.1/thumb/v7e-m+fp/hard/crti.o
 .data          0x0000000000000000        0x4 e:/st/stm32cubeide_1.7.0/stm32cubeide/plugins/com.st.stm32cube.ide.mcu.externaltools.gnu-tools-for-stm32.9-2020-q2-update.win32_2.0.0.202105311346/tools/bin/../lib/gcc/arm-none-eabi/9.3.1/thumb/v7e-m+fp/hard/crtbegin.o
 .text          0x0000000000000000       0x7c e:/st/stm32cubeide_1.7.0/stm32cubeide/plugins/com.st.stm32cube.ide.mcu.externaltools.gnu-tools-for-stm32.9-2020-q2-update.win32_2.0.0.202105311346/tools/bin/../lib/gcc/arm-none-eabi/9.3.1/../../../../arm-none-eabi/lib/thumb/v7e-m+fp/hard/crt0.o
 .data          0x0000000000000000        0x0 e:/st/stm32cubeide_1.7.0/stm32cubeide/plugins/com.st.stm32cube.ide.mcu.externaltools.gnu-tools-for-stm32.9-2020-q2-update.win32_2.0.0.202105311346/tools/bin/../lib/gcc/arm-none-eabi/9.3.1/../../../../arm-none-eabi/lib/thumb/v7e-m+fp/hard/crt0.o
[...]
Memory Configuration

Name             Origin             Length             Attributes
FLASH            0x0000000008000000 0x0000000000010000 xr
CCMRAM           0x0000000010000000 0x0000000000001000 xrw
RAM              0x0000000020000000 0x0000000000003000 xrw
*default*        0x0000000000000000 0xffffffffffffffff

Linker script and memory map

LOAD e:/st/stm32cubeide_1.7.0/stm32cubeide/plugins/com.st.stm32cube.ide.mcu.externaltools.gnu-tools-for-stm32.9-2020-q2-update.win32_2.0.0.202105311346/tools/bin/../lib/gcc/arm-none-eabi/9.3.1/thumb/v7e-m+fp/hard/crti.o
LOAD e:/st/stm32cubeide_1.7.0/stm32cubeide/plugins/com.st.stm32cube.ide.mcu.externaltools.gnu-tools-for-stm32.9-2020-q2-update.win32_2.0.0.202105311346/tools/bin/../lib/gcc/arm-none-eabi/9.3.1/thumb/v7e-m+fp/hard/crtbegin.o
LOAD e:/st/stm32cubeide_1.7.0/stm32cubeide/plugins/com.st.stm32cube.ide.mcu.externaltools.gnu-tools-for-stm32.9-2020-q2-update.win32_2.0.0.202105311346/tools/bin/../lib/gcc/arm-none-eabi/9.3.1/../../../../arm-none-eabi/lib/thumb/v7e-m+fp/hard/crt0.o
LOAD ./Drivers/STM32F3xx_HAL_Driver/Src/stm32f3xx_ll_exti.o
LOAD ./Drivers/STM32F3xx_HAL_Driver/Src/stm32f3xx_ll_gpio.o
LOAD ./Drivers/STM32F3xx_HAL_Driver/Src/stm32f3xx_ll_rcc.o
LOAD ./Drivers/STM32F3xx_HAL_Driver/Src/stm32f3xx_ll_tim.o
LOAD ./Drivers/STM32F3xx_HAL_Driver/Src/stm32f3xx_ll_utils.o
LOAD ./Src/display.o
LOAD ./Src/gpio.o
LOAD ./Src/main.o
LOAD ./Src/stm32f3xx_it.o
LOAD ./Src/syscalls.o
LOAD ./Src/sysmem.o
LOAD ./Src/system_stm32f3xx.o
LOAD ./Src/tim.o
LOAD ./Startup/startup_stm32f303k8tx.o
START GROUP
LOAD e:/st/stm32cubeide_1.7.0/stm32cubeide/plugins/com.st.stm32cube.ide.mcu.externaltools.gnu-tools-for-stm32.9-2020-q2-update.win32_2.0.0.202105311346/tools/bin/../lib/gcc/arm-none-eabi/9.3.1/../../../../arm-none-eabi/lib/thumb/v7e-m+fp/hard\libc_nano.a
LOAD e:/st/stm32cubeide_1.7.0/stm32cubeide/plugins/com.st.stm32cube.ide.mcu.externaltools.gnu-tools-for-stm32.9-2020-q2-update.win32_2.0.0.202105311346/tools/bin/../lib/gcc/arm-none-eabi/9.3.1/../../../../arm-none-eabi/lib/thumb/v7e-m+fp/hard\libm.a
END GROUP
START GROUP
LOAD e:/st/stm32cubeide_1.7.0/stm32cubeide/plugins/com.st.stm32cube.ide.mcu.externaltools.gnu-tools-for-stm32.9-2020-q2-update.win32_2.0.0.202105311346/tools/bin/../lib/gcc/arm-none-eabi/9.3.1/thumb/v7e-m+fp/hard\libgcc.a
LOAD e:/st/stm32cubeide_1.7.0/stm32cubeide/plugins/com.st.stm32cube.ide.mcu.externaltools.gnu-tools-for-stm32.9-2020-q2-update.win32_2.0.0.202105311346/tools/bin/../lib/gcc/arm-none-eabi/9.3.1/../../../../arm-none-eabi/lib/thumb/v7e-m+fp/hard\libc_nano.a
END GROUP
START GROUP
LOAD e:/st/stm32cubeide_1.7.0/stm32cubeide/plugins/com.st.stm32cube.ide.mcu.externaltools.gnu-tools-for-stm32.9-2020-q2-update.win32_2.0.0.202105311346/tools/bin/../lib/gcc/arm-none-eabi/9.3.1/thumb/v7e-m+fp/hard\libgcc.a
LOAD e:/st/stm32cubeide_1.7.0/stm32cubeide/plugins/com.st.stm32cube.ide.mcu.externaltools.gnu-tools-for-stm32.9-2020-q2-update.win32_2.0.0.202105311346/tools/bin/../lib/gcc/arm-none-eabi/9.3.1/../../../../arm-none-eabi/lib/thumb/v7e-m+fp/hard\libc_nano.a
LOAD e:/st/stm32cubeide_1.7.0/stm32cubeide/plugins/com.st.stm32cube.ide.mcu.externaltools.gnu-tools-for-stm32.9-2020-q2-update.win32_2.0.0.202105311346/tools/bin/../lib/gcc/arm-none-eabi/9.3.1/../../../../arm-none-eabi/lib/thumb/v7e-m+fp/hard\libnosys.a
END GROUP
START GROUP
LOAD e:/st/stm32cubeide_1.7.0/stm32cubeide/plugins/com.st.stm32cube.ide.mcu.externaltools.gnu-tools-for-stm32.9-2020-q2-update.win32_2.0.0.202105311346/tools/bin/../lib/gcc/arm-none-eabi/9.3.1/thumb/v7e-m+fp/hard\libgcc.a
LOAD e:/st/stm32cubeide_1.7.0/stm32cubeide/plugins/com.st.stm32cube.ide.mcu.externaltools.gnu-tools-for-stm32.9-2020-q2-update.win32_2.0.0.202105311346/tools/bin/../lib/gcc/arm-none-eabi/9.3.1/../../../../arm-none-eabi/lib/thumb/v7e-m+fp/hard\libc_nano.a
LOAD e:/st/stm32cubeide_1.7.0/stm32cubeide/plugins/com.st.stm32cube.ide.mcu.externaltools.gnu-tools-for-stm32.9-2020-q2-update.win32_2.0.0.202105311346/tools/bin/../lib/gcc/arm-none-eabi/9.3.1/../../../../arm-none-eabi/lib/thumb/v7e-m+fp/hard\libnosys.a
END GROUP
LOAD e:/st/stm32cubeide_1.7.0/stm32cubeide/plugins/com.st.stm32cube.ide.mcu.externaltools.gnu-tools-for-stm32.9-2020-q2-update.win32_2.0.0.202105311346/tools/bin/../lib/gcc/arm-none-eabi/9.3.1/thumb/v7e-m+fp/hard/crtend.o
LOAD e:/st/stm32cubeide_1.7.0/stm32cubeide/plugins/com.st.stm32cube.ide.mcu.externaltools.gnu-tools-for-stm32.9-2020-q2-update.win32_2.0.0.202105311346/tools/bin/../lib/gcc/arm-none-eabi/9.3.1/thumb/v7e-m+fp/hard/crtn.o
                0x0000000020003000                _estack = 0x20003000
                0x0000000000000200                _Min_Heap_Size = 0x200
                0x0000000000000400                _Min_Stack_Size = 0x400

.isr_vector     0x0000000008000000      0x188
                0x0000000008000000                . = ALIGN (0x4)
 *(.isr_vector)
 .isr_vector    0x0000000008000000      0x188 ./Startup/startup_stm32f303k8tx.o
                0x0000000008000000                g_pfnVectors
                0x0000000008000188                . = ALIGN (0x4)

.text           0x0000000008000188     0x19c8
                0x0000000008000188                . = ALIGN (0x4)
 *(.text)
 .text          0x0000000008000188       0x40 e:/st/stm32cubeide_1.7.0/stm32cubeide/plugins/com.st.stm32cube.ide.mcu.externaltools.gnu-tools-for-stm32.9-2020-q2-update.win32_2.0.0.202105311346/tools/bin/../lib/gcc/arm-none-eabi/9.3.1/thumb/v7e-m+fp/hard/crtbegin.o
 .text          0x00000000080001c8       0x10 e:/st/stm32cubeide_1.7.0/stm32cubeide/plugins/com.st.stm32cube.ide.mcu.externaltools.gnu-tools-for-stm32.9-2020-q2-update.win32_2.0.0.202105311346/tools/bin/../lib/gcc/arm-none-eabi/9.3.1/../../../../arm-none-eabi/lib/thumb/v7e-m+fp/hard\libc_nano.a(lib_a-strlen.o)
                0x00000000080001c8                strlen
 *(.text*)
 .text.LL_GPIO_SetPinMode
                0x00000000080001d8       0x5a ./Drivers/STM32F3xx_HAL_Driver/Src/stm32f3xx_ll_gpio.o
 .text.LL_GPIO_SetPinOutputType
                0x0000000008000232       0x30 ./Drivers/STM32F3xx_HAL_Driver/Src/stm32f3xx_ll_gpio.o
 .text.LL_GPIO_SetPinSpeed
                0x0000000008000262       0x5a ./Drivers/STM32F3xx_HAL_Driver/Src/stm32f3xx_ll_gpio.o
 .text.LL_GPIO_SetPinPull
                0x00000000080002bc       0x5a ./Drivers/STM32F3xx_HAL_Driver/Src/stm32f3xx_ll_gpio.o
 .text.LL_GPIO_SetAFPin_0_7
                0x0000000008000316       0x5a ./Drivers/STM32F3xx_HAL_Driver/Src/stm32f3xx_ll_gpio.o
 .text.LL_GPIO_SetAFPin_8_15
                0x0000000008000370       0x5e ./Drivers/STM32F3xx_HAL_Driver/Src/stm32f3xx_ll_gpio.o
 .text.LL_GPIO_Init
                0x00000000080003ce       0xf4 ./Drivers/STM32F3xx_HAL_Driver/Src/stm32f3xx_ll_gpio.o
                0x00000000080003ce                LL_GPIO_Init
 .text.LL_TIM_SetPrescaler
                0x00000000080004c2       0x1c ./Drivers/STM32F3xx_HAL_Driver/Src/stm32f3xx_ll_tim.o
 .text.LL_TIM_SetAutoReload
                0x00000000080004de       0x1c ./Drivers/STM32F3xx_HAL_Driver/Src/stm32f3xx_ll_tim.o
 .text.LL_TIM_SetRepetitionCounter
                0x00000000080004fa       0x1c ./Drivers/STM32F3xx_HAL_Driver/Src/stm32f3xx_ll_tim.o
 .text.LL_TIM_OC_SetCompareCH1
                0x0000000008000516       0x1c ./Drivers/STM32F3xx_HAL_Driver/Src/stm32f3xx_ll_tim.o
 .text.LL_TIM_OC_SetCompareCH2
                0x0000000008000532       0x1c ./Drivers/STM32F3xx_HAL_Driver/Src/stm32f3xx_ll_tim.o
 .text.LL_TIM_OC_SetCompareCH3
                0x000000000800054e       0x1c ./Drivers/STM32F3xx_HAL_Driver/Src/stm32f3xx_ll_tim.o
 .text.LL_TIM_OC_SetCompareCH4
                0x000000000800056a       0x1c ./Drivers/STM32F3xx_HAL_Driver/Src/stm32f3xx_ll_tim.o
 .text.LL_TIM_OC_SetCompareCH5
                0x0000000008000586       0x1c ./Drivers/STM32F3xx_HAL_Driver/Src/stm32f3xx_ll_tim.o
 .text.LL_TIM_OC_SetCompareCH6
                0x00000000080005a2       0x1c ./Drivers/STM32F3xx_HAL_Driver/Src/stm32f3xx_ll_tim.o
 .text.LL_TIM_GenerateEvent_UPDATE
                0x00000000080005be       0x20 ./Drivers/STM32F3xx_HAL_Driver/Src/stm32f3xx_ll_tim.o
 *fill*         0x00000000080005de        0x2 
 .text.LL_TIM_Init
                0x00000000080005e0       0xe8 ./Drivers/STM32F3xx_HAL_Driver/Src/stm32f3xx_ll_tim.o
                0x00000000080005e0                LL_TIM_Init
 .text.LL_TIM_OC_Init
                0x00000000080006c8       0xbe ./Drivers/STM32F3xx_HAL_Driver/Src/stm32f3xx_ll_tim.o
                0x00000000080006c8                LL_TIM_OC_Init
 *fill*         0x0000000008000786        0x2 
 .text.OC1Config
                0x0000000008000788      0x100 ./Drivers/STM32F3xx_HAL_Driver/Src/stm32f3xx_ll_tim.o
 .text.OC2Config
                0x0000000008000888      0x108 ./Drivers/STM32F3xx_HAL_Driver/Src/stm32f3xx_ll_tim.o
 .text.OC3Config
                0x0000000008000990      0x108 ./Drivers/STM32F3xx_HAL_Driver/Src/stm32f3xx_ll_tim.o
 .text.OC4Config
                0x0000000008000a98       0xd8 ./Drivers/STM32F3xx_HAL_Driver/Src/stm32f3xx_ll_tim.o
 .text.OC5Config
                0x0000000008000b70       0xc4 ./Drivers/STM32F3xx_HAL_Driver/Src/stm32f3xx_ll_tim.o
 .text.OC6Config
                0x0000000008000c34       0xc4 ./Drivers/STM32F3xx_HAL_Driver/Src/stm32f3xx_ll_tim.o
 .text.LL_InitTick
                0x0000000008000cf8       0x34 ./Drivers/STM32F3xx_HAL_Driver/Src/stm32f3xx_ll_utils.o
 .text.LL_Init1msTick
                0x0000000008000d2c       0x1a ./Drivers/STM32F3xx_HAL_Driver/Src/stm32f3xx_ll_utils.o
                0x0000000008000d2c                LL_Init1msTick
 *fill*         0x0000000008000d46        0x2 
 .text.LL_mDelay
                0x0000000008000d48       0x4c ./Drivers/STM32F3xx_HAL_Driver/Src/stm32f3xx_ll_utils.o
                0x0000000008000d48                LL_mDelay
 .text.LL_SetSystemCoreClock
                0x0000000008000d94       0x20 ./Drivers/STM32F3xx_HAL_Driver/Src/stm32f3xx_ll_utils.o
                0x0000000008000d94                LL_SetSystemCoreClock
 .text.LL_TIM_ClearFlag_UPDATE
                0x0000000008000db4       0x1c ./Src/display.o
 .text.LL_TIM_IsActiveFlag_UPDATE
                0x0000000008000dd0       0x26 ./Src/display.o
 .text.LL_GPIO_SetOutputPin
                0x0000000008000df6       0x1c ./Src/display.o
 .text.LL_GPIO_ResetOutputPin
                0x0000000008000e12       0x1c ./Src/display.o
 *fill*         0x0000000008000e2e        0x2 
 .text.resetSegments
                0x0000000008000e30       0x5c ./Src/display.o
                0x0000000008000e30                resetSegments
 .text.setSegments
                0x0000000008000e8c       0x5c ./Src/display.o
                0x0000000008000e8c                setSegments
 .text.resetDigits
                0x0000000008000ee8       0x3a ./Src/display.o
                0x0000000008000ee8                resetDigits
 .text.setDigits
                0x0000000008000f22       0x3a ./Src/display.o
                0x0000000008000f22                setDigits
 .text.set_sign
                0x0000000008000f5c       0xd0 ./Src/display.o
                0x0000000008000f5c                set_sign
 .text.setDigit
                0x000000000800102c       0x60 ./Src/display.o
                0x000000000800102c                setDigit
 .text.display_sign
                0x000000000800108c       0x44 ./Src/display.o
                0x000000000800108c                display_sign
 .text.updateDisplay
                0x00000000080010d0       0x78 ./Src/display.o
                0x00000000080010d0                updateDisplay
 .text.TIM3_IRQHandler
                0x0000000008001148       0x24 ./Src/display.o
                0x0000000008001148                TIM3_IRQHandler
 .text.LL_AHB1_GRP1_EnableClock
                0x000000000800116c       0x30 ./Src/gpio.o
 .text.LL_GPIO_ResetOutputPin
                0x000000000800119c       0x1c ./Src/gpio.o
 .text.MX_GPIO_Init
                0x00000000080011b8       0x88 ./Src/gpio.o
                0x00000000080011b8                MX_GPIO_Init
 .text.NVIC_SetPriorityGrouping
                0x0000000008001240       0x48 ./Src/main.o
 .text.LL_RCC_HSI_Enable
                0x0000000008001288       0x20 ./Src/main.o
 .text.LL_RCC_HSI_IsReady
                0x00000000080012a8       0x24 ./Src/main.o
 .text.LL_RCC_HSI_SetCalibTrimming
                0x00000000080012cc       0x2c ./Src/main.o
 .text.LL_RCC_SetSysClkSource
                0x00000000080012f8       0x28 ./Src/main.o
 .text.LL_RCC_GetSysClkSource
                0x0000000008001320       0x1c ./Src/main.o
 .text.LL_RCC_SetAHBPrescaler
                0x000000000800133c       0x28 ./Src/main.o
 .text.LL_RCC_SetAPB1Prescaler
                0x0000000008001364       0x28 ./Src/main.o
 .text.LL_RCC_SetAPB2Prescaler
                0x000000000800138c       0x28 ./Src/main.o
 .text.LL_APB1_GRP1_EnableClock
                0x00000000080013b4       0x30 ./Src/main.o
 .text.LL_APB2_GRP1_EnableClock
                0x00000000080013e4       0x30 ./Src/main.o
 .text.LL_FLASH_SetLatency
                0x0000000008001414       0x28 ./Src/main.o
 .text.LL_FLASH_GetLatency
                0x000000000800143c       0x1c ./Src/main.o
 .text.LL_SYSTICK_SetClkSource
                0x0000000008001458       0x38 ./Src/main.o
 .text.LL_SYSTICK_EnableIT
                0x0000000008001490       0x20 ./Src/main.o
 .text.main     0x00000000080014b0       0xe8 ./Src/main.o
                0x00000000080014b0                main
 .text.SystemClock_Config
                0x0000000008001598       0x70 ./Src/main.o
                0x0000000008001598                SystemClock_Config
 .text.Error_Handler
                0x0000000008001608        0xe ./Src/main.o
                0x0000000008001608                Error_Handler
 .text.NMI_Handler
                0x0000000008001616        0xe ./Src/stm32f3xx_it.o
                0x0000000008001616                NMI_Handler
 .text.HardFault_Handler
                0x0000000008001624        0x6 ./Src/stm32f3xx_it.o
                0x0000000008001624                HardFault_Handler
 .text.MemManage_Handler
                0x000000000800162a        0x6 ./Src/stm32f3xx_it.o
                0x000000000800162a                MemManage_Handler
 .text.BusFault_Handler
                0x0000000008001630        0x6 ./Src/stm32f3xx_it.o
                0x0000000008001630                BusFault_Handler
 .text.UsageFault_Handler
                0x0000000008001636        0x6 ./Src/stm32f3xx_it.o
                0x0000000008001636                UsageFault_Handler
 .text.SVC_Handler
                0x000000000800163c        0xe ./Src/stm32f3xx_it.o
                0x000000000800163c                SVC_Handler
 .text.DebugMon_Handler
                0x000000000800164a        0xe ./Src/stm32f3xx_it.o
                0x000000000800164a                DebugMon_Handler
 .text.PendSV_Handler
                0x0000000008001658        0xe ./Src/stm32f3xx_it.o
                0x0000000008001658                PendSV_Handler
 *fill*         0x0000000008001666        0x2 
 .text.SysTick_Handler
                0x0000000008001668       0x24 ./Src/stm32f3xx_it.o
                0x0000000008001668                SysTick_Handler
 .text.SystemInit
                0x000000000800168c       0x94 ./Src/system_stm32f3xx.o
                0x000000000800168c                SystemInit
 .text.NVIC_GetPriorityGrouping
                0x0000000008001720       0x1c ./Src/tim.o
 .text.NVIC_EnableIRQ
                0x000000000800173c       0x34 ./Src/tim.o
 .text.NVIC_SetPriority
                0x0000000008001770       0x54 ./Src/tim.o
 .text.NVIC_EncodePriority
                0x00000000080017c4       0x66 ./Src/tim.o
 *fill*         0x000000000800182a        0x2 
 .text.LL_APB1_GRP1_EnableClock
                0x000000000800182c       0x30 ./Src/tim.o
 .text.LL_TIM_EnableCounter
                0x000000000800185c       0x20 ./Src/tim.o
 .text.LL_TIM_EnableARRPreload
                0x000000000800187c       0x20 ./Src/tim.o
 .text.LL_TIM_OC_DisableFast
                0x000000000800189c       0x9c ./Src/tim.o
 .text.LL_TIM_SetClockSource
                0x0000000008001938       0x2a ./Src/tim.o
 .text.LL_TIM_SetTriggerOutput
                0x0000000008001962       0x26 ./Src/tim.o
 .text.LL_TIM_DisableMasterSlaveMode
                0x0000000008001988       0x20 ./Src/tim.o
 .text.LL_TIM_EnableIT_UPDATE
                0x00000000080019a8       0x20 ./Src/tim.o
 .text.MX_TIM3_Init
                0x00000000080019c8       0xc4 ./Src/tim.o
                0x00000000080019c8                MX_TIM3_Init
 .text.Reset_Handler
                0x0000000008001a8c       0x50 ./Startup/startup_stm32f303k8tx.o
                0x0000000008001a8c                Reset_Handler
 .text.Default_Handler
                0x0000000008001adc        0x2 ./Startup/startup_stm32f303k8tx.o
                0x0000000008001adc                RTC_Alarm_IRQHandler
                0x0000000008001adc                TIM1_CC_IRQHandler
                0x0000000008001adc                PVD_IRQHandler
                0x0000000008001adc                TAMP_STAMP_IRQHandler
                0x0000000008001adc                EXTI3_IRQHandler
                0x0000000008001adc                EXTI0_IRQHandler
                0x0000000008001adc                FPU_IRQHandler
                0x0000000008001adc                CAN_TX_IRQHandler
                0x0000000008001adc                TIM1_UP_TIM16_IRQHandler
                0x0000000008001adc                ADC1_2_IRQHandler
                0x0000000008001adc                SPI1_IRQHandler
                0x0000000008001adc                CAN_SCE_IRQHandler
                0x0000000008001adc                DMA1_Channel4_IRQHandler
                0x0000000008001adc                USART3_IRQHandler
                0x0000000008001adc                DMA1_Channel7_IRQHandler
                0x0000000008001adc                TIM7_DAC2_IRQHandler
                0x0000000008001adc                CAN_RX1_IRQHandler
                0x0000000008001adc                I2C1_EV_IRQHandler
                0x0000000008001adc                DMA1_Channel6_IRQHandler
                0x0000000008001adc                RCC_IRQHandler
                0x0000000008001adc                DMA1_Channel1_IRQHandler
                0x0000000008001adc                Default_Handler
                0x0000000008001adc                EXTI15_10_IRQHandler
                0x0000000008001adc                COMP2_IRQHandler
                0x0000000008001adc                TIM6_DAC1_IRQHandler
                0x0000000008001adc                EXTI9_5_IRQHandler
                0x0000000008001adc                RTC_WKUP_IRQHandler
                0x0000000008001adc                DMA1_Channel5_IRQHandler
                0x0000000008001adc                EXTI4_IRQHandler
                0x0000000008001adc                TIM1_TRG_COM_TIM17_IRQHandler
                0x0000000008001adc                DMA1_Channel3_IRQHandler
                0x0000000008001adc                WWDG_IRQHandler
                0x0000000008001adc                TIM2_IRQHandler
                0x0000000008001adc                EXTI1_IRQHandler
                0x0000000008001adc                COMP4_6_IRQHandler
                0x0000000008001adc                USART2_IRQHandler
                0x0000000008001adc                DMA1_Channel2_IRQHandler
                0x0000000008001adc                FLASH_IRQHandler
                0x0000000008001adc                USART1_IRQHandler
                0x0000000008001adc                CAN_RX0_IRQHandler
                0x0000000008001adc                I2C1_ER_IRQHandler
                0x0000000008001adc                EXTI2_TSC_IRQHandler
                0x0000000008001adc                TIM1_BRK_TIM15_IRQHandler
 *fill*         0x0000000008001ade        0x2 
 .text.__libc_init_array
                0x0000000008001ae0       0x48 e:/st/stm32cubeide_1.7.0/stm32cubeide/plugins/com.st.stm32cube.ide.mcu.externaltools.gnu-tools-for-stm32.9-2020-q2-update.win32_2.0.0.202105311346/tools/bin/../lib/gcc/arm-none-eabi/9.3.1/../../../../arm-none-eabi/lib/thumb/v7e-m+fp/hard\libc_nano.a(lib_a-init.o)
                0x0000000008001ae0                __libc_init_array
 .text.memset   0x0000000008001b28       0x10 e:/st/stm32cubeide_1.7.0/stm32cubeide/plugins/com.st.stm32cube.ide.mcu.externaltools.gnu-tools-for-stm32.9-2020-q2-update.win32_2.0.0.202105311346/tools/bin/../lib/gcc/arm-none-eabi/9.3.1/../../../../arm-none-eabi/lib/thumb/v7e-m+fp/hard\libc_nano.a(lib_a-memset.o)
                0x0000000008001b28                memset
 *(.glue_7)
 .glue_7        0x0000000008001b38        0x0 linker stubs
 *(.glue_7t)
 .glue_7t       0x0000000008001b38        0x0 linker stubs
 *(.eh_frame)
 .eh_frame      0x0000000008001b38        0x0 e:/st/stm32cubeide_1.7.0/stm32cubeide/plugins/com.st.stm32cube.ide.mcu.externaltools.gnu-tools-for-stm32.9-2020-q2-update.win32_2.0.0.202105311346/tools/bin/../lib/gcc/arm-none-eabi/9.3.1/thumb/v7e-m+fp/hard/crtbegin.o
 *(.init)
 .init          0x0000000008001b38        0x4 e:/st/stm32cubeide_1.7.0/stm32cubeide/plugins/com.st.stm32cube.ide.mcu.externaltools.gnu-tools-for-stm32.9-2020-q2-update.win32_2.0.0.202105311346/tools/bin/../lib/gcc/arm-none-eabi/9.3.1/thumb/v7e-m+fp/hard/crti.o
                0x0000000008001b38                _init
 .init          0x0000000008001b3c        0x8 e:/st/stm32cubeide_1.7.0/stm32cubeide/plugins/com.st.stm32cube.ide.mcu.externaltools.gnu-tools-for-stm32.9-2020-q2-update.win32_2.0.0.202105311346/tools/bin/../lib/gcc/arm-none-eabi/9.3.1/thumb/v7e-m+fp/hard/crtn.o
 *(.fini)
 .fini          0x0000000008001b44        0x4 e:/st/stm32cubeide_1.7.0/stm32cubeide/plugins/com.st.stm32cube.ide.mcu.externaltools.gnu-tools-for-stm32.9-2020-q2-update.win32_2.0.0.202105311346/tools/bin/../lib/gcc/arm-none-eabi/9.3.1/thumb/v7e-m+fp/hard/crti.o
                0x0000000008001b44                _fini
 .fini          0x0000000008001b48        0x8 e:/st/stm32cubeide_1.7.0/stm32cubeide/plugins/com.st.stm32cube.ide.mcu.externaltools.gnu-tools-for-stm32.9-2020-q2-update.win32_2.0.0.202105311346/tools/bin/../lib/gcc/arm-none-eabi/9.3.1/thumb/v7e-m+fp/hard/crtn.o
                0x0000000008001b50                . = ALIGN (0x4)
                0x0000000008001b50                _etext = .

.vfp11_veneer   0x0000000008001b50        0x0
 .vfp11_veneer  0x0000000008001b50        0x0 linker stubs

.v4_bx          0x0000000008001b50        0x0
 .v4_bx         0x0000000008001b50        0x0 linker stubs

.iplt           0x0000000008001b50        0x0
 .iplt          0x0000000008001b50        0x0 e:/st/stm32cubeide_1.7.0/stm32cubeide/plugins/com.st.stm32cube.ide.mcu.externaltools.gnu-tools-for-stm32.9-2020-q2-update.win32_2.0.0.202105311346/tools/bin/../lib/gcc/arm-none-eabi/9.3.1/thumb/v7e-m+fp/hard/crtbegin.o

.rodata         0x0000000008001b50       0x64
                0x0000000008001b50                . = ALIGN (0x4)
 *(.rodata)
 *(.rodata*)
 .rodata.seven_seg_digits_decode_abcdefg
                0x0000000008001b50       0x4b ./Src/display.o
                0x0000000008001b50                seven_seg_digits_decode_abcdefg
 *fill*         0x0000000008001b9b        0x1 
 .rodata.OFFSET_TAB_CCMRx
                0x0000000008001b9c        0x9 ./Src/tim.o
 *fill*         0x0000000008001ba5        0x3 
 .rodata.SHIFT_TAB_OCxx
                0x0000000008001ba8        0x9 ./Src/tim.o
                0x0000000008001bb4                . = ALIGN (0x4)
 *fill*         0x0000000008001bb1        0x3 

.rel.dyn        0x0000000008001bb4        0x0
 .rel.iplt      0x0000000008001bb4        0x0 e:/st/stm32cubeide_1.7.0/stm32cubeide/plugins/com.st.stm32cube.ide.mcu.externaltools.gnu-tools-for-stm32.9-2020-q2-update.win32_2.0.0.202105311346/tools/bin/../lib/gcc/arm-none-eabi/9.3.1/thumb/v7e-m+fp/hard/crtbegin.o

.ARM.extab      0x0000000008001bb4        0x0
                0x0000000008001bb4                . = ALIGN (0x4)
 *(.ARM.extab* .gnu.linkonce.armextab.*)
                0x0000000008001bb4                . = ALIGN (0x4)

.ARM            0x0000000008001bb4        0x0
                0x0000000008001bb4                . = ALIGN (0x4)
                0x0000000008001bb4                __exidx_start = .
 *(.ARM.exidx*)
                0x0000000008001bb4                __exidx_end = .
                0x0000000008001bb4                . = ALIGN (0x4)

.preinit_array  0x0000000008001bb4        0x0
                0x0000000008001bb4                . = ALIGN (0x4)
                0x0000000008001bb4                PROVIDE (__preinit_array_start = .)
 *(.preinit_array*)
                0x0000000008001bb4                PROVIDE (__preinit_array_end = .)
                0x0000000008001bb4                . = ALIGN (0x4)

.init_array     0x0000000008001bb4        0x4
                0x0000000008001bb4                . = ALIGN (0x4)
                0x0000000008001bb4                PROVIDE (__init_array_start = .)
 *(SORT_BY_NAME(.init_array.*))
 *(.init_array*)
 .init_array    0x0000000008001bb4        0x4 e:/st/stm32cubeide_1.7.0/stm32cubeide/plugins/com.st.stm32cube.ide.mcu.externaltools.gnu-tools-for-stm32.9-2020-q2-update.win32_2.0.0.202105311346/tools/bin/../lib/gcc/arm-none-eabi/9.3.1/thumb/v7e-m+fp/hard/crtbegin.o
                0x0000000008001bb8                PROVIDE (__init_array_end = .)
                0x0000000008001bb8                . = ALIGN (0x4)

.fini_array     0x0000000008001bb8        0x4
                0x0000000008001bb8                . = ALIGN (0x4)
                [!provide]                        PROVIDE (__fini_array_start = .)
 *(SORT_BY_NAME(.fini_array.*))
 *(.fini_array*)
 .fini_array    0x0000000008001bb8        0x4 e:/st/stm32cubeide_1.7.0/stm32cubeide/plugins/com.st.stm32cube.ide.mcu.externaltools.gnu-tools-for-stm32.9-2020-q2-update.win32_2.0.0.202105311346/tools/bin/../lib/gcc/arm-none-eabi/9.3.1/thumb/v7e-m+fp/hard/crtbegin.o
                [!provide]                        PROVIDE (__fini_array_end = .)
                0x0000000008001bbc                . = ALIGN (0x4)
                0x0000000008001bbc                _sidata = LOADADDR (.data)

.data           0x0000000020000000       0x20 load address 0x0000000008001bbc
                0x0000000020000000                . = ALIGN (0x4)
                0x0000000020000000                _sdata = .
 *(.data)
 *(.data*)
 .data.display_text
                0x0000000020000000       0x16 ./Src/main.o
                0x0000000020000000                display_text
 *fill*         0x0000000020000016        0x2 
 .data.right    0x0000000020000018        0x4 ./Src/main.o
                0x0000000020000018                right
 .data.SystemCoreClock
                0x000000002000001c        0x4 ./Src/system_stm32f3xx.o
                0x000000002000001c                SystemCoreClock
                0x0000000020000020                . = ALIGN (0x4)
                0x0000000020000020                _edata = .

.igot.plt       0x0000000020000020        0x0 load address 0x0000000008001bdc
 .igot.plt      0x0000000020000020        0x0 e:/st/stm32cubeide_1.7.0/stm32cubeide/plugins/com.st.stm32cube.ide.mcu.externaltools.gnu-tools-for-stm32.9-2020-q2-update.win32_2.0.0.202105311346/tools/bin/../lib/gcc/arm-none-eabi/9.3.1/thumb/v7e-m+fp/hard/crtbegin.o
                0x0000000020000020                . = ALIGN (0x4)

.bss            0x0000000020000020       0x40 load address 0x0000000008001bdc
                0x0000000020000020                _sbss = .
                0x0000000020000020                __bss_start__ = _sbss
 *(.bss)
 .bss           0x0000000020000020       0x1c e:/st/stm32cubeide_1.7.0/stm32cubeide/plugins/com.st.stm32cube.ide.mcu.externaltools.gnu-tools-for-stm32.9-2020-q2-update.win32_2.0.0.202105311346/tools/bin/../lib/gcc/arm-none-eabi/9.3.1/thumb/v7e-m+fp/hard/crtbegin.o
 *(.bss*)
 *fill*         0x000000002000003c        0x4 
 .bss.disp_time
                0x0000000020000040        0x8 ./Src/display.o
                0x0000000020000040                disp_time
 .bss.disp_time_saved
                0x0000000020000048        0x8 ./Src/display.o
                0x0000000020000048                disp_time_saved
 .bss.act_index
                0x0000000020000050        0x4 ./Src/main.o
                0x0000000020000050                act_index
 *(COMMON)
 COMMON         0x0000000020000054        0x4 ./Src/display.o
                0x0000000020000054                Display_sign
 COMMON         0x0000000020000058        0x8 ./Src/main.o
                0x0000000020000058                saved_time
                0x0000000020000060                . = ALIGN (0x4)
                0x0000000020000060                _ebss = .
                0x0000000020000060                __bss_end__ = _ebss

._user_heap_stack
                0x0000000020000060      0x600 load address 0x0000000008001bdc
                0x0000000020000060                . = ALIGN (0x8)
                0x0000000020000060                PROVIDE (end = .)
                [!provide]                        PROVIDE (_end = .)
                0x0000000020000260                . = (. + _Min_Heap_Size)
 *fill*         0x0000000020000060      0x200 
                0x0000000020000660                . = (. + _Min_Stack_Size)
 *fill*         0x0000000020000260      0x400 
                0x0000000020000660                . = ALIGN (0x8)

/DISCARD/
 libc.a(*)
 libm.a(*)
 libgcc.a(*)

.ARM.attributes
                0x0000000000000000       0x30
 *(.ARM.attributes)
 .ARM.attributes
                0x0000000000000000       0x1e e:/st/stm32cubeide_1.7.0/stm32cubeide/plugins/com.st.stm32cube.ide.mcu.externaltools.gnu-tools-for-stm32.9-2020-q2-update.win32_2.0.0.202105311346/tools/bin/../lib/gcc/arm-none-eabi/9.3.1/thumb/v7e-m+fp/hard/crti.o
 .ARM.attributes
                0x000000000000001e       0x34 e:/st/stm32cubeide_1.7.0/stm32cubeide/plugins/com.st.stm32cube.ide.mcu.externaltools.gnu-tools-for-stm32.9-2020-q2-update.win32_2.0.0.202105311346/tools/bin/../lib/gcc/arm-none-eabi/9.3.1/thumb/v7e-m+fp/hard/crtbegin.o
 .ARM.attributes
                0x0000000000000052       0x34 ./Drivers/STM32F3xx_HAL_Driver/Src/stm32f3xx_ll_gpio.o
 .ARM.attributes
                0x0000000000000086       0x34 ./Drivers/STM32F3xx_HAL_Driver/Src/stm32f3xx_ll_tim.o
 .ARM.attributes
                0x00000000000000ba       0x34 ./Drivers/STM32F3xx_HAL_Driver/Src/stm32f3xx_ll_utils.o
 .ARM.attributes
                0x00000000000000ee       0x34 ./Src/display.o
 .ARM.attributes
                0x0000000000000122       0x34 ./Src/gpio.o
 .ARM.attributes
                0x0000000000000156       0x34 ./Src/main.o
 .ARM.attributes
                0x000000000000018a       0x34 ./Src/stm32f3xx_it.o
 .ARM.attributes
                0x00000000000001be       0x34 ./Src/system_stm32f3xx.o
 .ARM.attributes
                0x00000000000001f2       0x34 ./Src/tim.o
 .ARM.attributes
                0x0000000000000226       0x21 ./Startup/startup_stm32f303k8tx.o
 .ARM.attributes
                0x0000000000000247       0x34 e:/st/stm32cubeide_1.7.0/stm32cubeide/plugins/com.st.stm32cube.ide.mcu.externaltools.gnu-tools-for-stm32.9-2020-q2-update.win32_2.0.0.202105311346/tools/bin/../lib/gcc/arm-none-eabi/9.3.1/../../../../arm-none-eabi/lib/thumb/v7e-m+fp/hard\libc_nano.a(lib_a-init.o)
 .ARM.attributes
                0x000000000000027b       0x34 e:/st/stm32cubeide_1.7.0/stm32cubeide/plugins/com.st.stm32cube.ide.mcu.externaltools.gnu-tools-for-stm32.9-2020-q2-update.win32_2.0.0.202105311346/tools/bin/../lib/gcc/arm-none-eabi/9.3.1/../../../../arm-none-eabi/lib/thumb/v7e-m+fp/hard\libc_nano.a(lib_a-memset.o)
 .ARM.attributes
                0x00000000000002af       0x17 e:/st/stm32cubeide_1.7.0/stm32cubeide/plugins/com.st.stm32cube.ide.mcu.externaltools.gnu-tools-for-stm32.9-2020-q2-update.win32_2.0.0.202105311346/tools/bin/../lib/gcc/arm-none-eabi/9.3.1/../../../../arm-none-eabi/lib/thumb/v7e-m+fp/hard\libc_nano.a(lib_a-strlen.o)
 .ARM.attributes
                0x00000000000002c6       0x1e e:/st/stm32cubeide_1.7.0/stm32cubeide/plugins/com.st.stm32cube.ide.mcu.externaltools.gnu-tools-for-stm32.9-2020-q2-update.win32_2.0.0.202105311346/tools/bin/../lib/gcc/arm-none-eabi/9.3.1/thumb/v7e-m+fp/hard/crtn.o
OUTPUT(VRS-zadanie-cv8.elf elf32-littlearm)
LOAD linker stubs
LOAD e:/st/stm32cubeide_1.7.0/stm32cubeide/plugins/com.st.stm32cube.ide.mcu.externaltools.gnu-tools-for-stm32.9-2020-q2-update.win32_2.0.0.202105311346/tools/bin/../lib/gcc/arm-none-eabi/9.3.1/../../../../arm-none-eabi/lib/thumb/v7e-m+fp/hard\libc.a
LOAD e:/st/stm32cubeide_1.7.0/stm32cubeide/plugins/com.st.stm32cube.ide.mcu.externaltools.gnu-tools-for-stm32.9-2020-q2-update.win32_2.0.0.202105311346/tools/bin/../lib/gcc/arm-none-eabi/9.3.1/../../../../arm-none-eabi/lib/thumb/v7e-m+fp/hard\libm.a
LOAD e:/st/stm32cubeide_1.7.0/stm32cubeide/plugins/com.st.stm32cube.ide.mcu.externaltools.gnu-tools-for-stm32.9-2020-q2-update.win32_2.0.0.202105311346/tools/bin/../lib/gcc/arm-none-eabi/9.3.1/thumb/v7e-m+fp/hard\libgcc.a

.debug_info     0x0000000000000000     0x7191
 .debug_info    0x0000000000000000      0x7ce ./Drivers/STM32F3xx_HAL_Driver/Src/stm32f3xx_ll_gpio.o
 .debug_info    0x00000000000007ce     0x1093 ./Drivers/STM32F3xx_HAL_Driver/Src/stm32f3xx_ll_tim.o
 .debug_info    0x0000000000001861      0x87b ./Drivers/STM32F3xx_HAL_Driver/Src/stm32f3xx_ll_utils.o
 .debug_info    0x00000000000020dc      0xefd ./Src/display.o
 .debug_info    0x0000000000002fd9      0xce3 ./Src/gpio.o
 .debug_info    0x0000000000003cbc     0x10b9 ./Src/main.o
 .debug_info    0x0000000000004d75      0xb22 ./Src/stm32f3xx_it.o
 .debug_info    0x0000000000005897      0x439 ./Src/system_stm32f3xx.o
 .debug_info    0x0000000000005cd0     0x149f ./Src/tim.o
 .debug_info    0x000000000000716f       0x22 ./Startup/startup_stm32f303k8tx.o

.debug_abbrev   0x0000000000000000     0x13aa
 .debug_abbrev  0x0000000000000000      0x23b ./Drivers/STM32F3xx_HAL_Driver/Src/stm32f3xx_ll_gpio.o
 .debug_abbrev  0x000000000000023b      0x22b ./Drivers/STM32F3xx_HAL_Driver/Src/stm32f3xx_ll_tim.o
 .debug_abbrev  0x0000000000000466      0x293 ./Drivers/STM32F3xx_HAL_Driver/Src/stm32f3xx_ll_utils.o
 .debug_abbrev  0x00000000000006f9      0x2a1 ./Src/display.o
 .debug_abbrev  0x000000000000099a      0x211 ./Src/gpio.o
 .debug_abbrev  0x0000000000000bab      0x28a ./Src/main.o
 .debug_abbrev  0x0000000000000e35      0x1ac ./Src/stm32f3xx_it.o
 .debug_abbrev  0x0000000000000fe1      0x129 ./Src/system_stm32f3xx.o
 .debug_abbrev  0x000000000000110a      0x28e ./Src/tim.o
 .debug_abbrev  0x0000000000001398       0x12 ./Startup/startup_stm32f303k8tx.o

.debug_aranges  0x0000000000000000      0x530
 .debug_aranges
                0x0000000000000000       0x70 ./Drivers/STM32F3xx_HAL_Driver/Src/stm32f3xx_ll_gpio.o
 .debug_aranges
                0x0000000000000070      0x148 ./Drivers/STM32F3xx_HAL_Driver/Src/stm32f3xx_ll_tim.o
 .debug_aranges
                0x00000000000001b8       0xf0 ./Drivers/STM32F3xx_HAL_Driver/Src/stm32f3xx_ll_utils.o
 .debug_aranges
                0x00000000000002a8       0x80 ./Src/display.o
 .debug_aranges
                0x0000000000000328       0x30 ./Src/gpio.o
 .debug_aranges
                0x0000000000000358       0xa8 ./Src/main.o
 .debug_aranges
                0x0000000000000400       0x60 ./Src/stm32f3xx_it.o
 .debug_aranges
                0x0000000000000460       0x28 ./Src/system_stm32f3xx.o
 .debug_aranges
                0x0000000000000488       0x80 ./Src/tim.o
 .debug_aranges
                0x0000000000000508       0x28 ./Startup/startup_stm32f303k8tx.o

.debug_ranges   0x0000000000000000      0x498
 .debug_ranges  0x0000000000000000       0x60 ./Drivers/STM32F3xx_HAL_Driver/Src/stm32f3xx_ll_gpio.o
 .debug_ranges  0x0000000000000060      0x138 ./Drivers/STM32F3xx_HAL_Driver/Src/stm32f3xx_ll_tim.o
 .debug_ranges  0x0000000000000198       0xe0 ./Drivers/STM32F3xx_HAL_Driver/Src/stm32f3xx_ll_utils.o
 .debug_ranges  0x0000000000000278       0x70 ./Src/display.o
 .debug_ranges  0x00000000000002e8       0x20 ./Src/gpio.o
 .debug_ranges  0x0000000000000308       0x98 ./Src/main.o
 .debug_ranges  0x00000000000003a0       0x50 ./Src/stm32f3xx_it.o
 .debug_ranges  0x00000000000003f0       0x18 ./Src/system_stm32f3xx.o
 .debug_ranges  0x0000000000000408       0x70 ./Src/tim.o
 .debug_ranges  0x0000000000000478       0x20 ./Startup/startup_stm32f303k8tx.o

.debug_macro    0x0000000000000000     0x384a
 .debug_macro   0x0000000000000000      0x10c ./Drivers/STM32F3xx_HAL_Driver/Src/stm32f3xx_ll_gpio.o
 .debug_macro   0x000000000000010c      0x149 ./Drivers/STM32F3xx_HAL_Driver/Src/stm32f3xx_ll_gpio.o
 .debug_macro   0x0000000000000255       0xe5 ./Drivers/STM32F3xx_HAL_Driver/Src/stm32f3xx_ll_gpio.o
 .debug_macro   0x000000000000033a      0x179 ./Drivers/STM32F3xx_HAL_Driver/Src/stm32f3xx_ll_tim.o
 .debug_macro   0x00000000000004b3      0x800 ./Drivers/STM32F3xx_HAL_Driver/Src/stm32f3xx_ll_tim.o
 .debug_macro   0x0000000000000cb3      0x14a ./Drivers/STM32F3xx_HAL_Driver/Src/stm32f3xx_ll_utils.o
 .debug_macro   0x0000000000000dfd       0x30 ./Drivers/STM32F3xx_HAL_Driver/Src/stm32f3xx_ll_utils.o
 .debug_macro   0x0000000000000e2d      0x2a5 ./Drivers/STM32F3xx_HAL_Driver/Src/stm32f3xx_ll_utils.o
 .debug_macro   0x00000000000010d2       0xaf ./Drivers/STM32F3xx_HAL_Driver/Src/stm32f3xx_ll_utils.o
 .debug_macro   0x0000000000001181      0x2d6 ./Src/display.o
 .debug_macro   0x0000000000001457      0x102 ./Src/display.o
 .debug_macro   0x0000000000001559       0x28 ./Src/display.o
 .debug_macro   0x0000000000001581      0x287 ./Src/display.o
 .debug_macro   0x0000000000001808      0x806 ./Src/display.o
 .debug_macro   0x000000000000200e      0x14f ./Src/display.o
 .debug_macro   0x000000000000215d       0x52 ./Src/display.o
 .debug_macro   0x00000000000021af       0x18 ./Src/display.o
 .debug_macro   0x00000000000021c7       0x3c ./Src/display.o
 .debug_macro   0x0000000000002203       0x34 ./Src/display.o
 .debug_macro   0x0000000000002237      0x174 ./Src/display.o
 .debug_macro   0x00000000000023ab       0x16 ./Src/display.o
 .debug_macro   0x00000000000023c1       0x43 ./Src/display.o
 .debug_macro   0x0000000000002404       0x34 ./Src/display.o
 .debug_macro   0x0000000000002438       0x10 ./Src/display.o
 .debug_macro   0x0000000000002448       0x58 ./Src/display.o
 .debug_macro   0x00000000000024a0       0x71 ./Src/display.o
 .debug_macro   0x0000000000002511       0x1c ./Src/display.o
 .debug_macro   0x000000000000252d      0x12a ./Src/display.o
 .debug_macro   0x0000000000002657      0x339 ./Src/display.o
 .debug_macro   0x0000000000002990       0x10 ./Src/display.o
 .debug_macro   0x00000000000029a0       0x35 ./Src/display.o
 .debug_macro   0x00000000000029d5       0x20 ./Src/display.o
 .debug_macro   0x00000000000029f5       0x22 ./Src/display.o
 .debug_macro   0x0000000000002a17       0x1c ./Src/display.o
 .debug_macro   0x0000000000002a33       0x10 ./Src/display.o
 .debug_macro   0x0000000000002a43       0x10 ./Src/display.o
 .debug_macro   0x0000000000002a53       0x1c ./Src/display.o
 .debug_macro   0x0000000000002a6f       0x52 ./Src/display.o
 .debug_macro   0x0000000000002ac1       0x22 ./Src/display.o
 .debug_macro   0x0000000000002ae3       0x10 ./Src/display.o
 .debug_macro   0x0000000000002af3       0x40 ./Src/display.o
 .debug_macro   0x0000000000002b33       0xd5 ./Src/display.o
 .debug_macro   0x0000000000002c08       0x1c ./Src/display.o
 .debug_macro   0x0000000000002c24       0x3d ./Src/display.o
 .debug_macro   0x0000000000002c61       0x16 ./Src/display.o
 .debug_macro   0x0000000000002c77      0x145 ./Src/display.o
 .debug_macro   0x0000000000002dbc       0x82 ./Src/display.o
 .debug_macro   0x0000000000002e3e      0x216 ./Src/gpio.o
 .debug_macro   0x0000000000003054      0x2ee ./Src/main.o
 .debug_macro   0x0000000000003342      0x216 ./Src/stm32f3xx_it.o
 .debug_macro   0x0000000000003558       0xdc ./Src/system_stm32f3xx.o
 .debug_macro   0x0000000000003634      0x216 ./Src/tim.o

.debug_line     0x0000000000000000     0x4da8
 .debug_line    0x0000000000000000      0x755 ./Drivers/STM32F3xx_HAL_Driver/Src/stm32f3xx_ll_gpio.o
 .debug_line    0x0000000000000755      0xbda ./Drivers/STM32F3xx_HAL_Driver/Src/stm32f3xx_ll_tim.o
 .debug_line    0x000000000000132f      0x8fd ./Drivers/STM32F3xx_HAL_Driver/Src/stm32f3xx_ll_utils.o
 .debug_line    0x0000000000001c2c      0x9a9 ./Src/display.o
 .debug_line    0x00000000000025d5      0x749 ./Src/gpio.o
 .debug_line    0x0000000000002d1e      0xa24 ./Src/main.o
 .debug_line    0x0000000000003742      0x7a3 ./Src/stm32f3xx_it.o
 .debug_line    0x0000000000003ee5      0x4fd ./Src/system_stm32f3xx.o
 .debug_line    0x00000000000043e2      0x945 ./Src/tim.o
 .debug_line    0x0000000000004d27       0x81 ./Startup/startup_stm32f303k8tx.o

.debug_str      0x0000000000000000    0x75b90
 .debug_str     0x0000000000000000    0x6469f ./Drivers/STM32F3xx_HAL_Driver/Src/stm32f3xx_ll_gpio.o
                                      0x64850 (size before relaxing)
 .debug_str     0x000000000006469f     0x5cde ./Drivers/STM32F3xx_HAL_Driver/Src/stm32f3xx_ll_tim.o
                                      0x6976c (size before relaxing)
 .debug_str     0x000000000006a37d     0x5087 ./Drivers/STM32F3xx_HAL_Driver/Src/stm32f3xx_ll_utils.o
                                      0x68532 (size before relaxing)
 .debug_str     0x000000000006f404     0x601c ./Src/display.o
                                      0x72543 (size before relaxing)
 .debug_str     0x0000000000075420       0x45 ./Src/gpio.o
                                      0x712d1 (size before relaxing)
 .debug_str     0x0000000000075465      0x17f ./Src/main.o
                                      0x72680 (size before relaxing)
 .debug_str     0x00000000000755e4       0xb8 ./Src/stm32f3xx_it.o
                                      0x71267 (size before relaxing)
 .debug_str     0x000000000007569c       0xaa ./Src/system_stm32f3xx.o
                                      0x63532 (size before relaxing)
 .debug_str     0x0000000000075746      0x419 ./Src/tim.o
                                      0x718b9 (size before relaxing)
 .debug_str     0x0000000000075b5f       0x31 ./Startup/startup_stm32f303k8tx.o
                                         0x6e (size before relaxing)

.comment        0x0000000000000000       0x53
 .comment       0x0000000000000000       0x53 ./Drivers/STM32F3xx_HAL_Driver/Src/stm32f3xx_ll_gpio.o
                                         0x54 (size before relaxing)
 .comment       0x0000000000000053       0x54 ./Drivers/STM32F3xx_HAL_Driver/Src/stm32f3xx_ll_tim.o
 .comment       0x0000000000000053       0x54 ./Drivers/STM32F3xx_HAL_Driver/Src/stm32f3xx_ll_utils.o
 .comment       0x0000000000000053       0x54 ./Src/display.o
 .comment       0x0000000000000053       0x54 ./Src/gpio.o
 .comment       0x0000000000000053       0x54 ./Src/main.o
 .comment       0x0000000000000053       0x54 ./Src/stm32f3xx_it.o
 .comment       0x0000000000000053       0x54 ./Src/system_stm32f3xx.o
 .comment       0x0000000000000053       0x54 ./Src/tim.o

.debug_frame    0x0000000000000000     0x1428
 .debug_frame   0x0000000000000000      0x1c0 ./Drivers/STM32F3xx_HAL_Driver/Src/stm32f3xx_ll_gpio.o
 .debug_frame   0x00000000000001c0      0x5d0 ./Drivers/STM32F3xx_HAL_Driver/Src/stm32f3xx_ll_tim.o
 .debug_frame   0x0000000000000790      0x3dc ./Drivers/STM32F3xx_HAL_Driver/Src/stm32f3xx_ll_utils.o
 .debug_frame   0x0000000000000b6c      0x1d4 ./Src/display.o
 .debug_frame   0x0000000000000d40       0x84 ./Src/gpio.o
 .debug_frame   0x0000000000000dc4      0x2a0 ./Src/main.o
 .debug_frame   0x0000000000001064      0x110 ./Src/stm32f3xx_it.o
 .debug_frame   0x0000000000001174       0x58 ./Src/system_stm32f3xx.o
 .debug_frame   0x00000000000011cc      0x210 ./Src/tim.o
 .debug_frame   0x00000000000013dc       0x2c e:/st/stm32cubeide_1.7.0/stm32cubeide/plugins/com.st.stm32cube.ide.mcu.externaltools.gnu-tools-for-stm32.9-2020-q2-update.win32_2.0.0.202105311346/tools/bin/../lib/gcc/arm-none-eabi/9.3.1/../../../../arm-none-eabi/lib/thumb/v7e-m+fp/hard\libc_nano.a(lib_a-init.o)
 .debug_frame   0x0000000000001408       0x20 e:/st/stm32cubeide_1.7.0/stm32cubeide/plugins/com.st.stm32cube.ide.mcu.externaltools.gnu-tools-for-stm32.9-2020-q2-update.win32_2.0.0.202105311346/tools/bin/../lib/gcc/arm-none-eabi/9.3.1/../../../../arm-none-eabi/lib/thumb/v7e-m+fp/hard\libc_nano.a(lib_a-memset.o)
