Archive member included to satisfy reference by file (symbol)

e:/st/stm32cubeide_1.7.0/stm32cubeide/plugins/com.st.stm32cube.ide.mcu.externaltools.gnu-tools-for-stm32.9-2020-q2-update.win32_2.0.0.202105311346/tools/bin/../lib/gcc/arm-none-eabi/9.3.1/../../../../arm-none-eabi/lib/thumb/v7e-m+fp/hard\libc_nano.a(lib_a-errno.o)
                              ./Src/syscalls.o (__errno)
e:/st/stm32cubeide_1.7.0/stm32cubeide/plugins/com.st.stm32cube.ide.mcu.externaltools.gnu-tools-for-stm32.9-2020-q2-update.win32_2.0.0.202105311346/tools/bin/../lib/gcc/arm-none-eabi/9.3.1/../../../../arm-none-eabi/lib/thumb/v7e-m+fp/hard\libc_nano.a(lib_a-exit.o)
                              e:/st/stm32cubeide_1.7.0/stm32cubeide/plugins/com.st.stm32cube.ide.mcu.externaltools.gnu-tools-for-stm32.9-2020-q2-update.win32_2.0.0.202105311346/tools/bin/../lib/gcc/arm-none-eabi/9.3.1/../../../../arm-none-eabi/lib/thumb/v7e-m+fp/hard/crt0.o (exit)
e:/st/stm32cubeide_1.7.0/stm32cubeide/plugins/com.st.stm32cube.ide.mcu.externaltools.gnu-tools-for-stm32.9-2020-q2-update.win32_2.0.0.202105311346/tools/bin/../lib/gcc/arm-none-eabi/9.3.1/../../../../arm-none-eabi/lib/thumb/v7e-m+fp/hard\libc_nano.a(lib_a-impure.o)
                              e:/st/stm32cubeide_1.7.0/stm32cubeide/plugins/com.st.stm32cube.ide.mcu.externaltools.gnu-tools-for-stm32.9-2020-q2-update.win32_2.0.0.202105311346/tools/bin/../lib/gcc/arm-none-eabi/9.3.1/../../../../arm-none-eabi/lib/thumb/v7e-m+fp/hard\libc_nano.a(lib_a-exit.o) (_global_impure_ptr)
e:/st/stm32cubeide_1.7.0/stm32cubeide/plugins/com.st.stm32cube.ide.mcu.externaltools.gnu-tools-for-stm32.9-2020-q2-update.win32_2.0.0.202105311346/tools/bin/../lib/gcc/arm-none-eabi/9.3.1/../../../../arm-none-eabi/lib/thumb/v7e-m+fp/hard\libc_nano.a(lib_a-init.o)
                              e:/st/stm32cubeide_1.7.0/stm32cubeide/plugins/com.st.stm32cube.ide.mcu.externaltools.gnu-tools-for-stm32.9-2020-q2-update.win32_2.0.0.202105311346/tools/bin/../lib/gcc/arm-none-eabi/9.3.1/../../../../arm-none-eabi/lib/thumb/v7e-m+fp/hard/crt0.o (__libc_init_array)
e:/st/stm32cubeide_1.7.0/stm32cubeide/plugins/com.st.stm32cube.ide.mcu.externaltools.gnu-tools-for-stm32.9-2020-q2-update.win32_2.0.0.202105311346/tools/bin/../lib/gcc/arm-none-eabi/9.3.1/../../../../arm-none-eabi/lib/thumb/v7e-m+fp/hard\libc_nano.a(lib_a-memset.o)
                              e:/st/stm32cubeide_1.7.0/stm32cubeide/plugins/com.st.stm32cube.ide.mcu.externaltools.gnu-tools-for-stm32.9-2020-q2-update.win32_2.0.0.202105311346/tools/bin/../lib/gcc/arm-none-eabi/9.3.1/../../../../arm-none-eabi/lib/thumb/v7e-m+fp/hard/crt0.o (memset)
e:/st/stm32cubeide_1.7.0/stm32cubeide/plugins/com.st.stm32cube.ide.mcu.externaltools.gnu-tools-for-stm32.9-2020-q2-update.win32_2.0.0.202105311346/tools/bin/../lib/gcc/arm-none-eabi/9.3.1/thumb/v7e-m+fp/hard\libgcc.a(_arm_muldf3.o)
                              ./Src/display.o (__aeabi_dmul)
e:/st/stm32cubeide_1.7.0/stm32cubeide/plugins/com.st.stm32cube.ide.mcu.externaltools.gnu-tools-for-stm32.9-2020-q2-update.win32_2.0.0.202105311346/tools/bin/../lib/gcc/arm-none-eabi/9.3.1/thumb/v7e-m+fp/hard\libgcc.a(_arm_addsubdf3.o)
                              ./Src/main.o (__aeabi_dsub)
e:/st/stm32cubeide_1.7.0/stm32cubeide/plugins/com.st.stm32cube.ide.mcu.externaltools.gnu-tools-for-stm32.9-2020-q2-update.win32_2.0.0.202105311346/tools/bin/../lib/gcc/arm-none-eabi/9.3.1/thumb/v7e-m+fp/hard\libgcc.a(_arm_muldivdf3.o)
                              ./Src/display.o (__aeabi_ddiv)
e:/st/stm32cubeide_1.7.0/stm32cubeide/plugins/com.st.stm32cube.ide.mcu.externaltools.gnu-tools-for-stm32.9-2020-q2-update.win32_2.0.0.202105311346/tools/bin/../lib/gcc/arm-none-eabi/9.3.1/thumb/v7e-m+fp/hard\libgcc.a(_arm_cmpdf2.o)
                              ./Src/display.o (__aeabi_dcmplt)
e:/st/stm32cubeide_1.7.0/stm32cubeide/plugins/com.st.stm32cube.ide.mcu.externaltools.gnu-tools-for-stm32.9-2020-q2-update.win32_2.0.0.202105311346/tools/bin/../lib/gcc/arm-none-eabi/9.3.1/thumb/v7e-m+fp/hard\libgcc.a(_arm_fixunsdfsi.o)
                              ./Src/display.o (__aeabi_d2uiz)

Allocating common symbols
Common symbol       size              file

saved_time          0x8               ./Src/main.o

Discarded input sections

 .text          0x0000000000000000        0x0 e:/st/stm32cubeide_1.7.0/stm32cubeide/plugins/com.st.stm32cube.ide.mcu.externaltools.gnu-tools-for-stm32.9-2020-q2-update.win32_2.0.0.202105311346/tools/bin/../lib/gcc/arm-none-eabi/9.3.1/thumb/v7e-m+fp/hard/crti.o
 .data          0x0000000000000000        0x0 e:/st/stm32cubeide_1.7.0/stm32cubeide/plugins/com.st.stm32cube.ide.mcu.externaltools.gnu-tools-for-stm32.9-2020-q2-update.win32_2.0.0.202105311346/tools/bin/../lib/gcc/arm-none-eabi/9.3.1/thumb/v7e-m+fp/hard/crti.o
[...]
Memory Configuration

Name             Origin             Length             Attributes
FLASH            0x0000000008000000 0x0000000000010000 xr
CCMRAM           0x0000000010000000 0x0000000000001000 xrw
RAM              0x0000000020000000 0x0000000000003000 xrw
*default*        0x0000000000000000 0xffffffffffffffff

Linker script and memory map

LOAD e:/st/stm32cubeide_1.7.0/stm32cubeide/plugins/com.st.stm32cube.ide.mcu.externaltools.gnu-tools-for-stm32.9-2020-q2-update.win32_2.0.0.202105311346/tools/bin/../lib/gcc/arm-none-eabi/9.3.1/thumb/v7e-m+fp/hard/crti.o
LOAD e:/st/stm32cubeide_1.7.0/stm32cubeide/plugins/com.st.stm32cube.ide.mcu.externaltools.gnu-tools-for-stm32.9-2020-q2-update.win32_2.0.0.202105311346/tools/bin/../lib/gcc/arm-none-eabi/9.3.1/thumb/v7e-m+fp/hard/crtbegin.o
LOAD e:/st/stm32cubeide_1.7.0/stm32cubeide/plugins/com.st.stm32cube.ide.mcu.externaltools.gnu-tools-for-stm32.9-2020-q2-update.win32_2.0.0.202105311346/tools/bin/../lib/gcc/arm-none-eabi/9.3.1/../../../../arm-none-eabi/lib/thumb/v7e-m+fp/hard/crt0.o
LOAD ./Drivers/STM32F3xx_HAL_Driver/Src/stm32f3xx_ll_exti.o
LOAD ./Drivers/STM32F3xx_HAL_Driver/Src/stm32f3xx_ll_gpio.o
LOAD ./Drivers/STM32F3xx_HAL_Driver/Src/stm32f3xx_ll_rcc.o
LOAD ./Drivers/STM32F3xx_HAL_Driver/Src/stm32f3xx_ll_tim.o
LOAD ./Drivers/STM32F3xx_HAL_Driver/Src/stm32f3xx_ll_utils.o
LOAD ./Src/display.o
LOAD ./Src/gpio.o
LOAD ./Src/main.o
LOAD ./Src/stm32f3xx_it.o
LOAD ./Src/syscalls.o
LOAD ./Src/sysmem.o
LOAD ./Src/system_stm32f3xx.o
LOAD ./Src/tim.o
LOAD ./Startup/startup_stm32f303k8tx.o
START GROUP
LOAD e:/st/stm32cubeide_1.7.0/stm32cubeide/plugins/com.st.stm32cube.ide.mcu.externaltools.gnu-tools-for-stm32.9-2020-q2-update.win32_2.0.0.202105311346/tools/bin/../lib/gcc/arm-none-eabi/9.3.1/../../../../arm-none-eabi/lib/thumb/v7e-m+fp/hard\libc_nano.a
LOAD e:/st/stm32cubeide_1.7.0/stm32cubeide/plugins/com.st.stm32cube.ide.mcu.externaltools.gnu-tools-for-stm32.9-2020-q2-update.win32_2.0.0.202105311346/tools/bin/../lib/gcc/arm-none-eabi/9.3.1/../../../../arm-none-eabi/lib/thumb/v7e-m+fp/hard\libm.a
END GROUP
START GROUP
LOAD e:/st/stm32cubeide_1.7.0/stm32cubeide/plugins/com.st.stm32cube.ide.mcu.externaltools.gnu-tools-for-stm32.9-2020-q2-update.win32_2.0.0.202105311346/tools/bin/../lib/gcc/arm-none-eabi/9.3.1/thumb/v7e-m+fp/hard\libgcc.a
LOAD e:/st/stm32cubeide_1.7.0/stm32cubeide/plugins/com.st.stm32cube.ide.mcu.externaltools.gnu-tools-for-stm32.9-2020-q2-update.win32_2.0.0.202105311346/tools/bin/../lib/gcc/arm-none-eabi/9.3.1/../../../../arm-none-eabi/lib/thumb/v7e-m+fp/hard\libc_nano.a
END GROUP
START GROUP
LOAD e:/st/stm32cubeide_1.7.0/stm32cubeide/plugins/com.st.stm32cube.ide.mcu.externaltools.gnu-tools-for-stm32.9-2020-q2-update.win32_2.0.0.202105311346/tools/bin/../lib/gcc/arm-none-eabi/9.3.1/thumb/v7e-m+fp/hard\libgcc.a
LOAD e:/st/stm32cubeide_1.7.0/stm32cubeide/plugins/com.st.stm32cube.ide.mcu.externaltools.gnu-tools-for-stm32.9-2020-q2-update.win32_2.0.0.202105311346/tools/bin/../lib/gcc/arm-none-eabi/9.3.1/../../../../arm-none-eabi/lib/thumb/v7e-m+fp/hard\libc_nano.a
LOAD e:/st/stm32cubeide_1.7.0/stm32cubeide/plugins/com.st.stm32cube.ide.mcu.externaltools.gnu-tools-for-stm32.9-2020-q2-update.win32_2.0.0.202105311346/tools/bin/../lib/gcc/arm-none-eabi/9.3.1/../../../../arm-none-eabi/lib/thumb/v7e-m+fp/hard\libnosys.a
END GROUP
START GROUP
LOAD e:/st/stm32cubeide_1.7.0/stm32cubeide/plugins/com.st.stm32cube.ide.mcu.externaltools.gnu-tools-for-stm32.9-2020-q2-update.win32_2.0.0.202105311346/tools/bin/../lib/gcc/arm-none-eabi/9.3.1/thumb/v7e-m+fp/hard\libgcc.a
LOAD e:/st/stm32cubeide_1.7.0/stm32cubeide/plugins/com.st.stm32cube.ide.mcu.externaltools.gnu-tools-for-stm32.9-2020-q2-update.win32_2.0.0.202105311346/tools/bin/../lib/gcc/arm-none-eabi/9.3.1/../../../../arm-none-eabi/lib/thumb/v7e-m+fp/hard\libc_nano.a
LOAD e:/st/stm32cubeide_1.7.0/stm32cubeide/plugins/com.st.stm32cube.ide.mcu.externaltools.gnu-tools-for-stm32.9-2020-q2-update.win32_2.0.0.202105311346/tools/bin/../lib/gcc/arm-none-eabi/9.3.1/../../../../arm-none-eabi/lib/thumb/v7e-m+fp/hard\libnosys.a
END GROUP
LOAD e:/st/stm32cubeide_1.7.0/stm32cubeide/plugins/com.st.stm32cube.ide.mcu.externaltools.gnu-tools-for-stm32.9-2020-q2-update.win32_2.0.0.202105311346/tools/bin/../lib/gcc/arm-none-eabi/9.3.1/thumb/v7e-m+fp/hard/crtend.o
LOAD e:/st/stm32cubeide_1.7.0/stm32cubeide/plugins/com.st.stm32cube.ide.mcu.externaltools.gnu-tools-for-stm32.9-2020-q2-update.win32_2.0.0.202105311346/tools/bin/../lib/gcc/arm-none-eabi/9.3.1/thumb/v7e-m+fp/hard/crtn.o
                0x0000000020003000                _estack = 0x20003000
                0x0000000000000200                _Min_Heap_Size = 0x200
                0x0000000000000400                _Min_Stack_Size = 0x400

.isr_vector     0x0000000008000000      0x188
                0x0000000008000000                . = ALIGN (0x4)
 *(.isr_vector)
 .isr_vector    0x0000000008000000      0x188 ./Startup/startup_stm32f303k8tx.o
                0x0000000008000000                g_pfnVectors
                0x0000000008000188                . = ALIGN (0x4)

.text           0x0000000008000188     0x27d8
                0x0000000008000188                . = ALIGN (0x4)
 *(.text)
 .text          0x0000000008000188       0x40 e:/st/stm32cubeide_1.7.0/stm32cubeide/plugins/com.st.stm32cube.ide.mcu.externaltools.gnu-tools-for-stm32.9-2020-q2-update.win32_2.0.0.202105311346/tools/bin/../lib/gcc/arm-none-eabi/9.3.1/thumb/v7e-m+fp/hard/crtbegin.o
 .text          0x00000000080001c8      0x378 e:/st/stm32cubeide_1.7.0/stm32cubeide/plugins/com.st.stm32cube.ide.mcu.externaltools.gnu-tools-for-stm32.9-2020-q2-update.win32_2.0.0.202105311346/tools/bin/../lib/gcc/arm-none-eabi/9.3.1/thumb/v7e-m+fp/hard\libgcc.a(_arm_addsubdf3.o)
                0x00000000080001c8                __aeabi_drsub
                0x00000000080001d0                __aeabi_dsub
                0x00000000080001d0                __subdf3
                0x00000000080001d4                __aeabi_dadd
                0x00000000080001d4                __adddf3
                0x000000000800044c                __floatunsidf
                0x000000000800044c                __aeabi_ui2d
                0x000000000800046c                __floatsidf
                0x000000000800046c                __aeabi_i2d
                0x0000000008000490                __aeabi_f2d
                0x0000000008000490                __extendsfdf2
                0x00000000080004d4                __floatundidf
                0x00000000080004d4                __aeabi_ul2d
                0x00000000080004e4                __floatdidf
                0x00000000080004e4                __aeabi_l2d
 .text          0x0000000008000540      0x424 e:/st/stm32cubeide_1.7.0/stm32cubeide/plugins/com.st.stm32cube.ide.mcu.externaltools.gnu-tools-for-stm32.9-2020-q2-update.win32_2.0.0.202105311346/tools/bin/../lib/gcc/arm-none-eabi/9.3.1/thumb/v7e-m+fp/hard\libgcc.a(_arm_muldivdf3.o)
                0x0000000008000540                __aeabi_dmul
                0x0000000008000540                __muldf3
                0x0000000008000794                __divdf3
                0x0000000008000794                __aeabi_ddiv
 .text          0x0000000008000964      0x110 e:/st/stm32cubeide_1.7.0/stm32cubeide/plugins/com.st.stm32cube.ide.mcu.externaltools.gnu-tools-for-stm32.9-2020-q2-update.win32_2.0.0.202105311346/tools/bin/../lib/gcc/arm-none-eabi/9.3.1/thumb/v7e-m+fp/hard\libgcc.a(_arm_cmpdf2.o)
                0x0000000008000964                __gtdf2
                0x0000000008000964                __gedf2
                0x000000000800096c                __ltdf2
                0x000000000800096c                __ledf2
                0x0000000008000974                __nedf2
                0x0000000008000974                __eqdf2
                0x0000000008000974                __cmpdf2
                0x00000000080009f0                __aeabi_cdrcmple
                0x0000000008000a00                __aeabi_cdcmpeq
                0x0000000008000a00                __aeabi_cdcmple
                0x0000000008000a10                __aeabi_dcmpeq
                0x0000000008000a24                __aeabi_dcmplt
                0x0000000008000a38                __aeabi_dcmple
                0x0000000008000a4c                __aeabi_dcmpge
                0x0000000008000a60                __aeabi_dcmpgt
 .text          0x0000000008000a74       0x40 e:/st/stm32cubeide_1.7.0/stm32cubeide/plugins/com.st.stm32cube.ide.mcu.externaltools.gnu-tools-for-stm32.9-2020-q2-update.win32_2.0.0.202105311346/tools/bin/../lib/gcc/arm-none-eabi/9.3.1/thumb/v7e-m+fp/hard\libgcc.a(_arm_fixunsdfsi.o)
                0x0000000008000a74                __aeabi_d2uiz
                0x0000000008000a74                __fixunsdfsi
 *(.text*)
 .text.LL_GPIO_SetPinMode
                0x0000000008000ab4       0x5a ./Drivers/STM32F3xx_HAL_Driver/Src/stm32f3xx_ll_gpio.o
 .text.LL_GPIO_SetPinOutputType
                0x0000000008000b0e       0x30 ./Drivers/STM32F3xx_HAL_Driver/Src/stm32f3xx_ll_gpio.o
 .text.LL_GPIO_SetPinSpeed
                0x0000000008000b3e       0x5a ./Drivers/STM32F3xx_HAL_Driver/Src/stm32f3xx_ll_gpio.o
 .text.LL_GPIO_SetPinPull
                0x0000000008000b98       0x5a ./Drivers/STM32F3xx_HAL_Driver/Src/stm32f3xx_ll_gpio.o
 .text.LL_GPIO_SetAFPin_0_7
                0x0000000008000bf2       0x5a ./Drivers/STM32F3xx_HAL_Driver/Src/stm32f3xx_ll_gpio.o
 .text.LL_GPIO_SetAFPin_8_15
                0x0000000008000c4c       0x5e ./Drivers/STM32F3xx_HAL_Driver/Src/stm32f3xx_ll_gpio.o
 .text.LL_GPIO_Init
                0x0000000008000caa       0xf4 ./Drivers/STM32F3xx_HAL_Driver/Src/stm32f3xx_ll_gpio.o
                0x0000000008000caa                LL_GPIO_Init
 .text.LL_TIM_SetPrescaler
                0x0000000008000d9e       0x1c ./Drivers/STM32F3xx_HAL_Driver/Src/stm32f3xx_ll_tim.o
 .text.LL_TIM_SetAutoReload
                0x0000000008000dba       0x1c ./Drivers/STM32F3xx_HAL_Driver/Src/stm32f3xx_ll_tim.o
 .text.LL_TIM_SetRepetitionCounter
                0x0000000008000dd6       0x1c ./Drivers/STM32F3xx_HAL_Driver/Src/stm32f3xx_ll_tim.o
 .text.LL_TIM_OC_SetCompareCH1
                0x0000000008000df2       0x1c ./Drivers/STM32F3xx_HAL_Driver/Src/stm32f3xx_ll_tim.o
 .text.LL_TIM_OC_SetCompareCH2
                0x0000000008000e0e       0x1c ./Drivers/STM32F3xx_HAL_Driver/Src/stm32f3xx_ll_tim.o
 .text.LL_TIM_OC_SetCompareCH3
                0x0000000008000e2a       0x1c ./Drivers/STM32F3xx_HAL_Driver/Src/stm32f3xx_ll_tim.o
 .text.LL_TIM_OC_SetCompareCH4
                0x0000000008000e46       0x1c ./Drivers/STM32F3xx_HAL_Driver/Src/stm32f3xx_ll_tim.o
 .text.LL_TIM_OC_SetCompareCH5
                0x0000000008000e62       0x1c ./Drivers/STM32F3xx_HAL_Driver/Src/stm32f3xx_ll_tim.o
 .text.LL_TIM_OC_SetCompareCH6
                0x0000000008000e7e       0x1c ./Drivers/STM32F3xx_HAL_Driver/Src/stm32f3xx_ll_tim.o
 .text.LL_TIM_GenerateEvent_UPDATE
                0x0000000008000e9a       0x20 ./Drivers/STM32F3xx_HAL_Driver/Src/stm32f3xx_ll_tim.o
 *fill*         0x0000000008000eba        0x2 
 .text.LL_TIM_Init
                0x0000000008000ebc       0xe8 ./Drivers/STM32F3xx_HAL_Driver/Src/stm32f3xx_ll_tim.o
                0x0000000008000ebc                LL_TIM_Init
 .text.LL_TIM_OC_Init
                0x0000000008000fa4       0xbe ./Drivers/STM32F3xx_HAL_Driver/Src/stm32f3xx_ll_tim.o
                0x0000000008000fa4                LL_TIM_OC_Init
 *fill*         0x0000000008001062        0x2 
 .text.OC1Config
                0x0000000008001064      0x100 ./Drivers/STM32F3xx_HAL_Driver/Src/stm32f3xx_ll_tim.o
 .text.OC2Config
                0x0000000008001164      0x108 ./Drivers/STM32F3xx_HAL_Driver/Src/stm32f3xx_ll_tim.o
 .text.OC3Config
                0x000000000800126c      0x108 ./Drivers/STM32F3xx_HAL_Driver/Src/stm32f3xx_ll_tim.o
 .text.OC4Config
                0x0000000008001374       0xd8 ./Drivers/STM32F3xx_HAL_Driver/Src/stm32f3xx_ll_tim.o
 .text.OC5Config
                0x000000000800144c       0xc4 ./Drivers/STM32F3xx_HAL_Driver/Src/stm32f3xx_ll_tim.o
 .text.OC6Config
                0x0000000008001510       0xc4 ./Drivers/STM32F3xx_HAL_Driver/Src/stm32f3xx_ll_tim.o
 .text.LL_InitTick
                0x00000000080015d4       0x34 ./Drivers/STM32F3xx_HAL_Driver/Src/stm32f3xx_ll_utils.o
 .text.LL_Init1msTick
                0x0000000008001608       0x1a ./Drivers/STM32F3xx_HAL_Driver/Src/stm32f3xx_ll_utils.o
                0x0000000008001608                LL_Init1msTick
 *fill*         0x0000000008001622        0x2 
 .text.LL_mDelay
                0x0000000008001624       0x4c ./Drivers/STM32F3xx_HAL_Driver/Src/stm32f3xx_ll_utils.o
                0x0000000008001624                LL_mDelay
 .text.LL_SetSystemCoreClock
                0x0000000008001670       0x20 ./Drivers/STM32F3xx_HAL_Driver/Src/stm32f3xx_ll_utils.o
                0x0000000008001670                LL_SetSystemCoreClock
 .text.LL_TIM_ClearFlag_UPDATE
                0x0000000008001690       0x1c ./Src/display.o
 .text.LL_TIM_IsActiveFlag_UPDATE
                0x00000000080016ac       0x26 ./Src/display.o
 .text.LL_GPIO_SetOutputPin
                0x00000000080016d2       0x1c ./Src/display.o
 .text.LL_GPIO_ResetOutputPin
                0x00000000080016ee       0x1c ./Src/display.o
 *fill*         0x000000000800170a        0x2 
 .text.resetSegments
                0x000000000800170c       0x5c ./Src/display.o
                0x000000000800170c                resetSegments
 .text.setSegments
                0x0000000008001768       0x5c ./Src/display.o
                0x0000000008001768                setSegments
 .text.resetDigits
                0x00000000080017c4       0x3a ./Src/display.o
                0x00000000080017c4                resetDigits
 .text.setDigits
                0x00000000080017fe       0x3a ./Src/display.o
                0x00000000080017fe                setDigits
 .text.setDecimalPoint
                0x0000000008001838       0x14 ./Src/display.o
                0x0000000008001838                setDecimalPoint
 .text.setOne   0x000000000800184c       0x1e ./Src/display.o
                0x000000000800184c                setOne
 *fill*         0x000000000800186a        0x2 
 .text.setTwo   0x000000000800186c       0x3c ./Src/display.o
                0x000000000800186c                setTwo
 .text.setThree
                0x00000000080018a8       0x3c ./Src/display.o
                0x00000000080018a8                setThree
 .text.setFour  0x00000000080018e4       0x34 ./Src/display.o
                0x00000000080018e4                setFour
 .text.setFive  0x0000000008001918       0x3c ./Src/display.o
                0x0000000008001918                setFive
 .text.setSix   0x0000000008001954       0x48 ./Src/display.o
                0x0000000008001954                setSix
 .text.setSeven
                0x000000000800199c       0x28 ./Src/display.o
                0x000000000800199c                setSeven
 .text.setEight
                0x00000000080019c4       0x54 ./Src/display.o
                0x00000000080019c4                setEight
 .text.setNine  0x0000000008001a18       0x40 ./Src/display.o
                0x0000000008001a18                setNine
 .text.setZero  0x0000000008001a58       0x4c ./Src/display.o
                0x0000000008001a58                setZero
 *fill*         0x0000000008001aa4        0x4 
 .text.displayNumber
                0x0000000008001aa8      0x330 ./Src/display.o
                0x0000000008001aa8                displayNumber
 .text.setDigit
                0x0000000008001dd8       0x60 ./Src/display.o
                0x0000000008001dd8                setDigit
 .text.updateDisplay
                0x0000000008001e38      0x134 ./Src/display.o
                0x0000000008001e38                updateDisplay
 .text.TIM3_IRQHandler
                0x0000000008001f6c       0x24 ./Src/display.o
                0x0000000008001f6c                TIM3_IRQHandler
 .text.LL_AHB1_GRP1_EnableClock
                0x0000000008001f90       0x30 ./Src/gpio.o
 .text.LL_GPIO_ResetOutputPin
                0x0000000008001fc0       0x1c ./Src/gpio.o
 .text.MX_GPIO_Init
                0x0000000008001fdc       0x88 ./Src/gpio.o
                0x0000000008001fdc                MX_GPIO_Init
 .text.NVIC_SetPriorityGrouping
                0x0000000008002064       0x48 ./Src/main.o
 .text.LL_RCC_HSI_Enable
                0x00000000080020ac       0x20 ./Src/main.o
 .text.LL_RCC_HSI_IsReady
                0x00000000080020cc       0x24 ./Src/main.o
 .text.LL_RCC_HSI_SetCalibTrimming
                0x00000000080020f0       0x2c ./Src/main.o
 .text.LL_RCC_SetSysClkSource
                0x000000000800211c       0x28 ./Src/main.o
 .text.LL_RCC_GetSysClkSource
                0x0000000008002144       0x1c ./Src/main.o
 .text.LL_RCC_SetAHBPrescaler
                0x0000000008002160       0x28 ./Src/main.o
 .text.LL_RCC_SetAPB1Prescaler
                0x0000000008002188       0x28 ./Src/main.o
 .text.LL_RCC_SetAPB2Prescaler
                0x00000000080021b0       0x28 ./Src/main.o
 .text.LL_APB1_GRP1_EnableClock
                0x00000000080021d8       0x30 ./Src/main.o
 .text.LL_APB2_GRP1_EnableClock
                0x0000000008002208       0x30 ./Src/main.o
 .text.LL_FLASH_SetLatency
                0x0000000008002238       0x28 ./Src/main.o
 .text.LL_FLASH_GetLatency
                0x0000000008002260       0x1c ./Src/main.o
 .text.LL_SYSTICK_SetClkSource
                0x000000000800227c       0x38 ./Src/main.o
 .text.LL_SYSTICK_EnableIT
                0x00000000080022b4       0x20 ./Src/main.o
 *fill*         0x00000000080022d4        0x4 
 .text.main     0x00000000080022d8       0xd0 ./Src/main.o
                0x00000000080022d8                main
 .text.SystemClock_Config
                0x00000000080023a8       0x70 ./Src/main.o
                0x00000000080023a8                SystemClock_Config
 .text.Error_Handler
                0x0000000008002418        0xe ./Src/main.o
                0x0000000008002418                Error_Handler
 .text.NMI_Handler
                0x0000000008002426        0xe ./Src/stm32f3xx_it.o
                0x0000000008002426                NMI_Handler
 .text.HardFault_Handler
                0x0000000008002434        0x6 ./Src/stm32f3xx_it.o
                0x0000000008002434                HardFault_Handler
 .text.MemManage_Handler
                0x000000000800243a        0x6 ./Src/stm32f3xx_it.o
                0x000000000800243a                MemManage_Handler
 .text.BusFault_Handler
                0x0000000008002440        0x6 ./Src/stm32f3xx_it.o
                0x0000000008002440                BusFault_Handler
 .text.UsageFault_Handler
                0x0000000008002446        0x6 ./Src/stm32f3xx_it.o
                0x0000000008002446                UsageFault_Handler
 .text.SVC_Handler
                0x000000000800244c        0xe ./Src/stm32f3xx_it.o
                0x000000000800244c                SVC_Handler
 .text.DebugMon_Handler
                0x000000000800245a        0xe ./Src/stm32f3xx_it.o
                0x000000000800245a                DebugMon_Handler
 .text.PendSV_Handler
                0x0000000008002468        0xe ./Src/stm32f3xx_it.o
                0x0000000008002468                PendSV_Handler
 *fill*         0x0000000008002476        0x2 
 .text.SysTick_Handler
                0x0000000008002478       0x24 ./Src/stm32f3xx_it.o
                0x0000000008002478                SysTick_Handler
 .text.SystemInit
                0x000000000800249c       0x94 ./Src/system_stm32f3xx.o
                0x000000000800249c                SystemInit
 .text.NVIC_GetPriorityGrouping
                0x0000000008002530       0x1c ./Src/tim.o
 .text.NVIC_EnableIRQ
                0x000000000800254c       0x34 ./Src/tim.o
 .text.NVIC_SetPriority
                0x0000000008002580       0x54 ./Src/tim.o
 .text.NVIC_EncodePriority
                0x00000000080025d4       0x66 ./Src/tim.o
 *fill*         0x000000000800263a        0x2 
 .text.LL_APB1_GRP1_EnableClock
                0x000000000800263c       0x30 ./Src/tim.o
 .text.LL_TIM_EnableCounter
                0x000000000800266c       0x20 ./Src/tim.o
 .text.LL_TIM_EnableARRPreload
                0x000000000800268c       0x20 ./Src/tim.o
 .text.LL_TIM_OC_DisableFast
                0x00000000080026ac       0x9c ./Src/tim.o
 .text.LL_TIM_SetClockSource
                0x0000000008002748       0x2a ./Src/tim.o
 .text.LL_TIM_SetTriggerOutput
                0x0000000008002772       0x26 ./Src/tim.o
 .text.LL_TIM_DisableMasterSlaveMode
                0x0000000008002798       0x20 ./Src/tim.o
 .text.LL_TIM_EnableIT_UPDATE
                0x00000000080027b8       0x20 ./Src/tim.o
 .text.MX_TIM3_Init
                0x00000000080027d8       0xc4 ./Src/tim.o
                0x00000000080027d8                MX_TIM3_Init
 .text.Reset_Handler
                0x000000000800289c       0x50 ./Startup/startup_stm32f303k8tx.o
                0x000000000800289c                Reset_Handler
 .text.Default_Handler
                0x00000000080028ec        0x2 ./Startup/startup_stm32f303k8tx.o
                0x00000000080028ec                RTC_Alarm_IRQHandler
                0x00000000080028ec                TIM1_CC_IRQHandler
                0x00000000080028ec                PVD_IRQHandler
                0x00000000080028ec                TAMP_STAMP_IRQHandler
                0x00000000080028ec                EXTI3_IRQHandler
                0x00000000080028ec                EXTI0_IRQHandler
                0x00000000080028ec                FPU_IRQHandler
                0x00000000080028ec                CAN_TX_IRQHandler
                0x00000000080028ec                TIM1_UP_TIM16_IRQHandler
                0x00000000080028ec                ADC1_2_IRQHandler
                0x00000000080028ec                SPI1_IRQHandler
                0x00000000080028ec                CAN_SCE_IRQHandler
                0x00000000080028ec                DMA1_Channel4_IRQHandler
                0x00000000080028ec                USART3_IRQHandler
                0x00000000080028ec                DMA1_Channel7_IRQHandler
                0x00000000080028ec                TIM7_DAC2_IRQHandler
                0x00000000080028ec                CAN_RX1_IRQHandler
                0x00000000080028ec                I2C1_EV_IRQHandler
                0x00000000080028ec                DMA1_Channel6_IRQHandler
                0x00000000080028ec                RCC_IRQHandler
                0x00000000080028ec                DMA1_Channel1_IRQHandler
                0x00000000080028ec                Default_Handler
                0x00000000080028ec                EXTI15_10_IRQHandler
                0x00000000080028ec                COMP2_IRQHandler
                0x00000000080028ec                TIM6_DAC1_IRQHandler
                0x00000000080028ec                EXTI9_5_IRQHandler
                0x00000000080028ec                RTC_WKUP_IRQHandler
                0x00000000080028ec                DMA1_Channel5_IRQHandler
                0x00000000080028ec                EXTI4_IRQHandler
                0x00000000080028ec                TIM1_TRG_COM_TIM17_IRQHandler
                0x00000000080028ec                DMA1_Channel3_IRQHandler
                0x00000000080028ec                WWDG_IRQHandler
                0x00000000080028ec                TIM2_IRQHandler
                0x00000000080028ec                EXTI1_IRQHandler
                0x00000000080028ec                COMP4_6_IRQHandler
                0x00000000080028ec                USART2_IRQHandler
                0x00000000080028ec                DMA1_Channel2_IRQHandler
                0x00000000080028ec                FLASH_IRQHandler
                0x00000000080028ec                USART1_IRQHandler
                0x00000000080028ec                CAN_RX0_IRQHandler
                0x00000000080028ec                I2C1_ER_IRQHandler
                0x00000000080028ec                EXTI2_TSC_IRQHandler
                0x00000000080028ec                TIM1_BRK_TIM15_IRQHandler
 *fill*         0x00000000080028ee        0x2 
 .text.__libc_init_array
                0x00000000080028f0       0x48 e:/st/stm32cubeide_1.7.0/stm32cubeide/plugins/com.st.stm32cube.ide.mcu.externaltools.gnu-tools-for-stm32.9-2020-q2-update.win32_2.0.0.202105311346/tools/bin/../lib/gcc/arm-none-eabi/9.3.1/../../../../arm-none-eabi/lib/thumb/v7e-m+fp/hard\libc_nano.a(lib_a-init.o)
                0x00000000080028f0                __libc_init_array
 .text.memset   0x0000000008002938       0x10 e:/st/stm32cubeide_1.7.0/stm32cubeide/plugins/com.st.stm32cube.ide.mcu.externaltools.gnu-tools-for-stm32.9-2020-q2-update.win32_2.0.0.202105311346/tools/bin/../lib/gcc/arm-none-eabi/9.3.1/../../../../arm-none-eabi/lib/thumb/v7e-m+fp/hard\libc_nano.a(lib_a-memset.o)
                0x0000000008002938                memset
 *(.glue_7)
 .glue_7        0x0000000008002948        0x0 linker stubs
 *(.glue_7t)
 .glue_7t       0x0000000008002948        0x0 linker stubs
 *(.eh_frame)
 .eh_frame      0x0000000008002948        0x0 e:/st/stm32cubeide_1.7.0/stm32cubeide/plugins/com.st.stm32cube.ide.mcu.externaltools.gnu-tools-for-stm32.9-2020-q2-update.win32_2.0.0.202105311346/tools/bin/../lib/gcc/arm-none-eabi/9.3.1/thumb/v7e-m+fp/hard/crtbegin.o
 *(.init)
 .init          0x0000000008002948        0x4 e:/st/stm32cubeide_1.7.0/stm32cubeide/plugins/com.st.stm32cube.ide.mcu.externaltools.gnu-tools-for-stm32.9-2020-q2-update.win32_2.0.0.202105311346/tools/bin/../lib/gcc/arm-none-eabi/9.3.1/thumb/v7e-m+fp/hard/crti.o
                0x0000000008002948                _init
 .init          0x000000000800294c        0x8 e:/st/stm32cubeide_1.7.0/stm32cubeide/plugins/com.st.stm32cube.ide.mcu.externaltools.gnu-tools-for-stm32.9-2020-q2-update.win32_2.0.0.202105311346/tools/bin/../lib/gcc/arm-none-eabi/9.3.1/thumb/v7e-m+fp/hard/crtn.o
 *(.fini)
 .fini          0x0000000008002954        0x4 e:/st/stm32cubeide_1.7.0/stm32cubeide/plugins/com.st.stm32cube.ide.mcu.externaltools.gnu-tools-for-stm32.9-2020-q2-update.win32_2.0.0.202105311346/tools/bin/../lib/gcc/arm-none-eabi/9.3.1/thumb/v7e-m+fp/hard/crti.o
                0x0000000008002954                _fini
 .fini          0x0000000008002958        0x8 e:/st/stm32cubeide_1.7.0/stm32cubeide/plugins/com.st.stm32cube.ide.mcu.externaltools.gnu-tools-for-stm32.9-2020-q2-update.win32_2.0.0.202105311346/tools/bin/../lib/gcc/arm-none-eabi/9.3.1/thumb/v7e-m+fp/hard/crtn.o
                0x0000000008002960                . = ALIGN (0x4)
                0x0000000008002960                _etext = .

.vfp11_veneer   0x0000000008002960        0x0
 .vfp11_veneer  0x0000000008002960        0x0 linker stubs

.v4_bx          0x0000000008002960        0x0
 .v4_bx         0x0000000008002960        0x0 linker stubs

.iplt           0x0000000008002960        0x0
 .iplt          0x0000000008002960        0x0 e:/st/stm32cubeide_1.7.0/stm32cubeide/plugins/com.st.stm32cube.ide.mcu.externaltools.gnu-tools-for-stm32.9-2020-q2-update.win32_2.0.0.202105311346/tools/bin/../lib/gcc/arm-none-eabi/9.3.1/thumb/v7e-m+fp/hard/crtbegin.o

.rodata         0x0000000008002960       0x18
                0x0000000008002960                . = ALIGN (0x4)
 *(.rodata)
 *(.rodata*)
 .rodata.OFFSET_TAB_CCMRx
                0x0000000008002960        0x9 ./Src/tim.o
 *fill*         0x0000000008002969        0x3 
 .rodata.SHIFT_TAB_OCxx
                0x000000000800296c        0x9 ./Src/tim.o
                0x0000000008002978                . = ALIGN (0x4)
 *fill*         0x0000000008002975        0x3 

.rel.dyn        0x0000000008002978        0x0
 .rel.iplt      0x0000000008002978        0x0 e:/st/stm32cubeide_1.7.0/stm32cubeide/plugins/com.st.stm32cube.ide.mcu.externaltools.gnu-tools-for-stm32.9-2020-q2-update.win32_2.0.0.202105311346/tools/bin/../lib/gcc/arm-none-eabi/9.3.1/thumb/v7e-m+fp/hard/crtbegin.o

.ARM.extab      0x0000000008002978        0x0
                0x0000000008002978                . = ALIGN (0x4)
 *(.ARM.extab* .gnu.linkonce.armextab.*)
                0x0000000008002978                . = ALIGN (0x4)

.ARM            0x0000000008002978        0x0
                0x0000000008002978                . = ALIGN (0x4)
                0x0000000008002978                __exidx_start = .
 *(.ARM.exidx*)
                0x0000000008002978                __exidx_end = .
                0x0000000008002978                . = ALIGN (0x4)

.preinit_array  0x0000000008002978        0x0
                0x0000000008002978                . = ALIGN (0x4)
                0x0000000008002978                PROVIDE (__preinit_array_start = .)
 *(.preinit_array*)
                0x0000000008002978                PROVIDE (__preinit_array_end = .)
                0x0000000008002978                . = ALIGN (0x4)

.init_array     0x0000000008002978        0x4
                0x0000000008002978                . = ALIGN (0x4)
                0x0000000008002978                PROVIDE (__init_array_start = .)
 *(SORT_BY_NAME(.init_array.*))
 *(.init_array*)
 .init_array    0x0000000008002978        0x4 e:/st/stm32cubeide_1.7.0/stm32cubeide/plugins/com.st.stm32cube.ide.mcu.externaltools.gnu-tools-for-stm32.9-2020-q2-update.win32_2.0.0.202105311346/tools/bin/../lib/gcc/arm-none-eabi/9.3.1/thumb/v7e-m+fp/hard/crtbegin.o
                0x000000000800297c                PROVIDE (__init_array_end = .)
                0x000000000800297c                . = ALIGN (0x4)

.fini_array     0x000000000800297c        0x4
                0x000000000800297c                . = ALIGN (0x4)
                [!provide]                        PROVIDE (__fini_array_start = .)
 *(SORT_BY_NAME(.fini_array.*))
 *(.fini_array*)
 .fini_array    0x000000000800297c        0x4 e:/st/stm32cubeide_1.7.0/stm32cubeide/plugins/com.st.stm32cube.ide.mcu.externaltools.gnu-tools-for-stm32.9-2020-q2-update.win32_2.0.0.202105311346/tools/bin/../lib/gcc/arm-none-eabi/9.3.1/thumb/v7e-m+fp/hard/crtbegin.o
                [!provide]                        PROVIDE (__fini_array_end = .)
                0x0000000008002980                . = ALIGN (0x4)
                0x0000000008002980                _sidata = LOADADDR (.data)

.data           0x0000000020000000        0xc load address 0x0000000008002980
                0x0000000020000000                . = ALIGN (0x4)
                0x0000000020000000                _sdata = .
 *(.data)
 *(.data*)
 .data.num_to_display
                0x0000000020000000        0x8 ./Src/main.o
                0x0000000020000000                num_to_display
 .data.SystemCoreClock
                0x0000000020000008        0x4 ./Src/system_stm32f3xx.o
                0x0000000020000008                SystemCoreClock
                0x000000002000000c                . = ALIGN (0x4)
                0x000000002000000c                _edata = .

.igot.plt       0x000000002000000c        0x0 load address 0x000000000800298c
 .igot.plt      0x000000002000000c        0x0 e:/st/stm32cubeide_1.7.0/stm32cubeide/plugins/com.st.stm32cube.ide.mcu.externaltools.gnu-tools-for-stm32.9-2020-q2-update.win32_2.0.0.202105311346/tools/bin/../lib/gcc/arm-none-eabi/9.3.1/thumb/v7e-m+fp/hard/crtbegin.o
                0x000000002000000c                . = ALIGN (0x4)

.bss            0x0000000020000010       0x40 load address 0x000000000800298c
                0x0000000020000010                _sbss = .
                0x0000000020000010                __bss_start__ = _sbss
 *(.bss)
 .bss           0x0000000020000010       0x1c e:/st/stm32cubeide_1.7.0/stm32cubeide/plugins/com.st.stm32cube.ide.mcu.externaltools.gnu-tools-for-stm32.9-2020-q2-update.win32_2.0.0.202105311346/tools/bin/../lib/gcc/arm-none-eabi/9.3.1/thumb/v7e-m+fp/hard/crtbegin.o
 *(.bss*)
 .bss.dDisplayData
                0x000000002000002c        0x7 ./Src/display.o
                0x000000002000002c                dDisplayData
 *fill*         0x0000000020000033        0x5 
 .bss.disp_time
                0x0000000020000038        0x8 ./Src/display.o
                0x0000000020000038                disp_time
 .bss.disp_time_saved
                0x0000000020000040        0x8 ./Src/display.o
                0x0000000020000040                disp_time_saved
 *(COMMON)
 COMMON         0x0000000020000048        0x8 ./Src/main.o
                0x0000000020000048                saved_time
                0x0000000020000050                . = ALIGN (0x4)
                0x0000000020000050                _ebss = .
                0x0000000020000050                __bss_end__ = _ebss

._user_heap_stack
                0x0000000020000050      0x600 load address 0x000000000800298c
                0x0000000020000050                . = ALIGN (0x8)
                0x0000000020000050                PROVIDE (end = .)
                [!provide]                        PROVIDE (_end = .)
                0x0000000020000250                . = (. + _Min_Heap_Size)
 *fill*         0x0000000020000050      0x200 
                0x0000000020000650                . = (. + _Min_Stack_Size)
 *fill*         0x0000000020000250      0x400 
                0x0000000020000650                . = ALIGN (0x8)

/DISCARD/
 libc.a(*)
 libm.a(*)
 libgcc.a(*)

.ARM.attributes
                0x0000000000000000       0x30
 *(.ARM.attributes)
 .ARM.attributes
                0x0000000000000000       0x1e e:/st/stm32cubeide_1.7.0/stm32cubeide/plugins/com.st.stm32cube.ide.mcu.externaltools.gnu-tools-for-stm32.9-2020-q2-update.win32_2.0.0.202105311346/tools/bin/../lib/gcc/arm-none-eabi/9.3.1/thumb/v7e-m+fp/hard/crti.o
 .ARM.attributes
                0x000000000000001e       0x34 e:/st/stm32cubeide_1.7.0/stm32cubeide/plugins/com.st.stm32cube.ide.mcu.externaltools.gnu-tools-for-stm32.9-2020-q2-update.win32_2.0.0.202105311346/tools/bin/../lib/gcc/arm-none-eabi/9.3.1/thumb/v7e-m+fp/hard/crtbegin.o
 .ARM.attributes
                0x0000000000000052       0x34 ./Drivers/STM32F3xx_HAL_Driver/Src/stm32f3xx_ll_gpio.o
 .ARM.attributes
                0x0000000000000086       0x34 ./Drivers/STM32F3xx_HAL_Driver/Src/stm32f3xx_ll_tim.o
 .ARM.attributes
                0x00000000000000ba       0x34 ./Drivers/STM32F3xx_HAL_Driver/Src/stm32f3xx_ll_utils.o
 .ARM.attributes
                0x00000000000000ee       0x34 ./Src/display.o
 .ARM.attributes
                0x0000000000000122       0x34 ./Src/gpio.o
 .ARM.attributes
                0x0000000000000156       0x34 ./Src/main.o
 .ARM.attributes
                0x000000000000018a       0x34 ./Src/stm32f3xx_it.o
 .ARM.attributes
                0x00000000000001be       0x34 ./Src/system_stm32f3xx.o
 .ARM.attributes
                0x00000000000001f2       0x34 ./Src/tim.o
 .ARM.attributes
                0x0000000000000226       0x21 ./Startup/startup_stm32f303k8tx.o
 .ARM.attributes
                0x0000000000000247       0x34 e:/st/stm32cubeide_1.7.0/stm32cubeide/plugins/com.st.stm32cube.ide.mcu.externaltools.gnu-tools-for-stm32.9-2020-q2-update.win32_2.0.0.202105311346/tools/bin/../lib/gcc/arm-none-eabi/9.3.1/../../../../arm-none-eabi/lib/thumb/v7e-m+fp/hard\libc_nano.a(lib_a-init.o)
 .ARM.attributes
                0x000000000000027b       0x34 e:/st/stm32cubeide_1.7.0/stm32cubeide/plugins/com.st.stm32cube.ide.mcu.externaltools.gnu-tools-for-stm32.9-2020-q2-update.win32_2.0.0.202105311346/tools/bin/../lib/gcc/arm-none-eabi/9.3.1/../../../../arm-none-eabi/lib/thumb/v7e-m+fp/hard\libc_nano.a(lib_a-memset.o)
 .ARM.attributes
                0x00000000000002af       0x1e e:/st/stm32cubeide_1.7.0/stm32cubeide/plugins/com.st.stm32cube.ide.mcu.externaltools.gnu-tools-for-stm32.9-2020-q2-update.win32_2.0.0.202105311346/tools/bin/../lib/gcc/arm-none-eabi/9.3.1/thumb/v7e-m+fp/hard\libgcc.a(_arm_addsubdf3.o)
 .ARM.attributes
                0x00000000000002cd       0x1e e:/st/stm32cubeide_1.7.0/stm32cubeide/plugins/com.st.stm32cube.ide.mcu.externaltools.gnu-tools-for-stm32.9-2020-q2-update.win32_2.0.0.202105311346/tools/bin/../lib/gcc/arm-none-eabi/9.3.1/thumb/v7e-m+fp/hard\libgcc.a(_arm_muldivdf3.o)
 .ARM.attributes
                0x00000000000002eb       0x1e e:/st/stm32cubeide_1.7.0/stm32cubeide/plugins/com.st.stm32cube.ide.mcu.externaltools.gnu-tools-for-stm32.9-2020-q2-update.win32_2.0.0.202105311346/tools/bin/../lib/gcc/arm-none-eabi/9.3.1/thumb/v7e-m+fp/hard\libgcc.a(_arm_cmpdf2.o)
 .ARM.attributes
                0x0000000000000309       0x1e e:/st/stm32cubeide_1.7.0/stm32cubeide/plugins/com.st.stm32cube.ide.mcu.externaltools.gnu-tools-for-stm32.9-2020-q2-update.win32_2.0.0.202105311346/tools/bin/../lib/gcc/arm-none-eabi/9.3.1/thumb/v7e-m+fp/hard\libgcc.a(_arm_fixunsdfsi.o)
 .ARM.attributes
                0x0000000000000327       0x1e e:/st/stm32cubeide_1.7.0/stm32cubeide/plugins/com.st.stm32cube.ide.mcu.externaltools.gnu-tools-for-stm32.9-2020-q2-update.win32_2.0.0.202105311346/tools/bin/../lib/gcc/arm-none-eabi/9.3.1/thumb/v7e-m+fp/hard/crtn.o
OUTPUT(vrs_cvicenie_8-demo-master.elf elf32-littlearm)
LOAD linker stubs
LOAD e:/st/stm32cubeide_1.7.0/stm32cubeide/plugins/com.st.stm32cube.ide.mcu.externaltools.gnu-tools-for-stm32.9-2020-q2-update.win32_2.0.0.202105311346/tools/bin/../lib/gcc/arm-none-eabi/9.3.1/../../../../arm-none-eabi/lib/thumb/v7e-m+fp/hard\libc.a
LOAD e:/st/stm32cubeide_1.7.0/stm32cubeide/plugins/com.st.stm32cube.ide.mcu.externaltools.gnu-tools-for-stm32.9-2020-q2-update.win32_2.0.0.202105311346/tools/bin/../lib/gcc/arm-none-eabi/9.3.1/../../../../arm-none-eabi/lib/thumb/v7e-m+fp/hard\libm.a
LOAD e:/st/stm32cubeide_1.7.0/stm32cubeide/plugins/com.st.stm32cube.ide.mcu.externaltools.gnu-tools-for-stm32.9-2020-q2-update.win32_2.0.0.202105311346/tools/bin/../lib/gcc/arm-none-eabi/9.3.1/thumb/v7e-m+fp/hard\libgcc.a

.debug_info     0x0000000000000000     0x5811
 .debug_info    0x0000000000000000      0x7ce ./Drivers/STM32F3xx_HAL_Driver/Src/stm32f3xx_ll_gpio.o
 .debug_info    0x00000000000007ce     0x1093 ./Drivers/STM32F3xx_HAL_Driver/Src/stm32f3xx_ll_tim.o
 .debug_info    0x0000000000001861      0x87b ./Drivers/STM32F3xx_HAL_Driver/Src/stm32f3xx_ll_utils.o
 .debug_info    0x00000000000020dc      0xfa5 ./Src/display.o
 .debug_info    0x0000000000003081      0x43a ./Src/gpio.o
 .debug_info    0x00000000000034bb     0x108c ./Src/main.o
 .debug_info    0x0000000000004547      0x279 ./Src/stm32f3xx_it.o
 .debug_info    0x00000000000047c0      0x439 ./Src/system_stm32f3xx.o
 .debug_info    0x0000000000004bf9      0xbf6 ./Src/tim.o
 .debug_info    0x00000000000057ef       0x22 ./Startup/startup_stm32f303k8tx.o

.debug_abbrev   0x0000000000000000     0x118c
 .debug_abbrev  0x0000000000000000      0x23b ./Drivers/STM32F3xx_HAL_Driver/Src/stm32f3xx_ll_gpio.o
 .debug_abbrev  0x000000000000023b      0x22b ./Drivers/STM32F3xx_HAL_Driver/Src/stm32f3xx_ll_tim.o
 .debug_abbrev  0x0000000000000466      0x293 ./Drivers/STM32F3xx_HAL_Driver/Src/stm32f3xx_ll_utils.o
 .debug_abbrev  0x00000000000006f9      0x2bb ./Src/display.o
 .debug_abbrev  0x00000000000009b4      0x17d ./Src/gpio.o
 .debug_abbrev  0x0000000000000b31      0x28a ./Src/main.o
 .debug_abbrev  0x0000000000000dbb       0xad ./Src/stm32f3xx_it.o
 .debug_abbrev  0x0000000000000e68      0x129 ./Src/system_stm32f3xx.o
 .debug_abbrev  0x0000000000000f91      0x1e9 ./Src/tim.o
 .debug_abbrev  0x000000000000117a       0x12 ./Startup/startup_stm32f303k8tx.o

.debug_aranges  0x0000000000000000      0x580
 .debug_aranges
                0x0000000000000000       0x70 ./Drivers/STM32F3xx_HAL_Driver/Src/stm32f3xx_ll_gpio.o
 .debug_aranges
                0x0000000000000070      0x148 ./Drivers/STM32F3xx_HAL_Driver/Src/stm32f3xx_ll_tim.o
 .debug_aranges
                0x00000000000001b8       0xf0 ./Drivers/STM32F3xx_HAL_Driver/Src/stm32f3xx_ll_utils.o
 .debug_aranges
                0x00000000000002a8       0xd0 ./Src/display.o
 .debug_aranges
                0x0000000000000378       0x30 ./Src/gpio.o
 .debug_aranges
                0x00000000000003a8       0xa8 ./Src/main.o
 .debug_aranges
                0x0000000000000450       0x60 ./Src/stm32f3xx_it.o
 .debug_aranges
                0x00000000000004b0       0x28 ./Src/system_stm32f3xx.o
 .debug_aranges
                0x00000000000004d8       0x80 ./Src/tim.o
 .debug_aranges
                0x0000000000000558       0x28 ./Startup/startup_stm32f303k8tx.o

.debug_ranges   0x0000000000000000      0x4e8
 .debug_ranges  0x0000000000000000       0x60 ./Drivers/STM32F3xx_HAL_Driver/Src/stm32f3xx_ll_gpio.o
 .debug_ranges  0x0000000000000060      0x138 ./Drivers/STM32F3xx_HAL_Driver/Src/stm32f3xx_ll_tim.o
 .debug_ranges  0x0000000000000198       0xe0 ./Drivers/STM32F3xx_HAL_Driver/Src/stm32f3xx_ll_utils.o
 .debug_ranges  0x0000000000000278       0xc0 ./Src/display.o
 .debug_ranges  0x0000000000000338       0x20 ./Src/gpio.o
 .debug_ranges  0x0000000000000358       0x98 ./Src/main.o
 .debug_ranges  0x00000000000003f0       0x50 ./Src/stm32f3xx_it.o
 .debug_ranges  0x0000000000000440       0x18 ./Src/system_stm32f3xx.o
 .debug_ranges  0x0000000000000458       0x70 ./Src/tim.o
 .debug_ranges  0x00000000000004c8       0x20 ./Startup/startup_stm32f303k8tx.o

.debug_macro    0x0000000000000000     0x35f1
 .debug_macro   0x0000000000000000      0x10c ./Drivers/STM32F3xx_HAL_Driver/Src/stm32f3xx_ll_gpio.o
 .debug_macro   0x000000000000010c      0x149 ./Drivers/STM32F3xx_HAL_Driver/Src/stm32f3xx_ll_gpio.o
 .debug_macro   0x0000000000000255       0xe5 ./Drivers/STM32F3xx_HAL_Driver/Src/stm32f3xx_ll_gpio.o
 .debug_macro   0x000000000000033a      0x179 ./Drivers/STM32F3xx_HAL_Driver/Src/stm32f3xx_ll_tim.o
 .debug_macro   0x00000000000004b3      0x800 ./Drivers/STM32F3xx_HAL_Driver/Src/stm32f3xx_ll_tim.o
 .debug_macro   0x0000000000000cb3      0x14a ./Drivers/STM32F3xx_HAL_Driver/Src/stm32f3xx_ll_utils.o
 .debug_macro   0x0000000000000dfd       0x30 ./Drivers/STM32F3xx_HAL_Driver/Src/stm32f3xx_ll_utils.o
 .debug_macro   0x0000000000000e2d      0x2a5 ./Drivers/STM32F3xx_HAL_Driver/Src/stm32f3xx_ll_utils.o
 .debug_macro   0x00000000000010d2       0xaf ./Drivers/STM32F3xx_HAL_Driver/Src/stm32f3xx_ll_utils.o
 .debug_macro   0x0000000000001181      0x2d6 ./Src/display.o
 .debug_macro   0x0000000000001457      0x102 ./Src/display.o
 .debug_macro   0x0000000000001559       0x28 ./Src/display.o
 .debug_macro   0x0000000000001581      0x287 ./Src/display.o
 .debug_macro   0x0000000000001808      0x806 ./Src/display.o
 .debug_macro   0x000000000000200e      0x14f ./Src/display.o
 .debug_macro   0x000000000000215d       0x22 ./Src/display.o
 .debug_macro   0x000000000000217f       0x52 ./Src/display.o
 .debug_macro   0x00000000000021d1       0x18 ./Src/display.o
 .debug_macro   0x00000000000021e9       0x3c ./Src/display.o
 .debug_macro   0x0000000000002225       0x34 ./Src/display.o
 .debug_macro   0x0000000000002259       0x16 ./Src/display.o
 .debug_macro   0x000000000000226f       0x97 ./Src/display.o
 .debug_macro   0x0000000000002306      0x339 ./Src/display.o
 .debug_macro   0x000000000000263f       0xfd ./Src/display.o
 .debug_macro   0x000000000000273c       0x10 ./Src/display.o
 .debug_macro   0x000000000000274c       0x16 ./Src/display.o
 .debug_macro   0x0000000000002762       0x43 ./Src/display.o
 .debug_macro   0x00000000000027a5       0x34 ./Src/display.o
 .debug_macro   0x00000000000027d9       0x10 ./Src/display.o
 .debug_macro   0x00000000000027e9       0x58 ./Src/display.o
 .debug_macro   0x0000000000002841       0x71 ./Src/display.o
 .debug_macro   0x00000000000028b2       0x1c ./Src/display.o
 .debug_macro   0x00000000000028ce      0x12a ./Src/display.o
 .debug_macro   0x00000000000029f8       0x10 ./Src/display.o
 .debug_macro   0x0000000000002a08       0x1c ./Src/display.o
 .debug_macro   0x0000000000002a24       0x52 ./Src/display.o
 .debug_macro   0x0000000000002a76       0x22 ./Src/display.o
 .debug_macro   0x0000000000002a98       0x10 ./Src/display.o
 .debug_macro   0x0000000000002aa8       0x40 ./Src/display.o
 .debug_macro   0x0000000000002ae8       0xd5 ./Src/display.o
 .debug_macro   0x0000000000002bbd       0x1c ./Src/display.o
 .debug_macro   0x0000000000002bd9       0x3d ./Src/display.o
 .debug_macro   0x0000000000002c16       0x16 ./Src/display.o
 .debug_macro   0x0000000000002c2c      0x145 ./Src/display.o
 .debug_macro   0x0000000000002d71       0x16 ./Src/display.o
 .debug_macro   0x0000000000002d87       0x35 ./Src/display.o
 .debug_macro   0x0000000000002dbc       0x20 ./Src/display.o
 .debug_macro   0x0000000000002ddc       0x82 ./Src/display.o
 .debug_macro   0x0000000000002e5e      0x143 ./Src/gpio.o
 .debug_macro   0x0000000000002fa1      0x2ee ./Src/main.o
 .debug_macro   0x000000000000328f      0x143 ./Src/stm32f3xx_it.o
 .debug_macro   0x00000000000033d2       0xdc ./Src/system_stm32f3xx.o
 .debug_macro   0x00000000000034ae      0x143 ./Src/tim.o

.debug_line     0x0000000000000000     0x4adf
 .debug_line    0x0000000000000000      0x755 ./Drivers/STM32F3xx_HAL_Driver/Src/stm32f3xx_ll_gpio.o
 .debug_line    0x0000000000000755      0xbda ./Drivers/STM32F3xx_HAL_Driver/Src/stm32f3xx_ll_tim.o
 .debug_line    0x000000000000132f      0x8fd ./Drivers/STM32F3xx_HAL_Driver/Src/stm32f3xx_ll_utils.o
 .debug_line    0x0000000000001c2c      0xb4c ./Src/display.o
 .debug_line    0x0000000000002778      0x5dd ./Src/gpio.o
 .debug_line    0x0000000000002d55      0x9fc ./Src/main.o
 .debug_line    0x0000000000003751      0x637 ./Src/stm32f3xx_it.o
 .debug_line    0x0000000000003d88      0x4fd ./Src/system_stm32f3xx.o
 .debug_line    0x0000000000004285      0x7d9 ./Src/tim.o
 .debug_line    0x0000000000004a5e       0x81 ./Startup/startup_stm32f303k8tx.o

.debug_str      0x0000000000000000    0x75be1
 .debug_str     0x0000000000000000    0x646aa ./Drivers/STM32F3xx_HAL_Driver/Src/stm32f3xx_ll_gpio.o
                                      0x6485b (size before relaxing)
 .debug_str     0x00000000000646aa     0x5cde ./Drivers/STM32F3xx_HAL_Driver/Src/stm32f3xx_ll_tim.o
                                      0x69777 (size before relaxing)
 .debug_str     0x000000000006a388     0x5087 ./Drivers/STM32F3xx_HAL_Driver/Src/stm32f3xx_ll_utils.o
                                      0x6853d (size before relaxing)
 .debug_str     0x000000000006f40f     0x6070 ./Src/display.o
                                      0x7259e (size before relaxing)
 .debug_str     0x000000000007547f       0x45 ./Src/gpio.o
                                      0x6dd83 (size before relaxing)
 .debug_str     0x00000000000754c4      0x171 ./Src/main.o
                                      0x72684 (size before relaxing)
 .debug_str     0x0000000000075635       0xb8 ./Src/stm32f3xx_it.o
                                      0x6dd19 (size before relaxing)
 .debug_str     0x00000000000756ed       0xaa ./Src/system_stm32f3xx.o
                                      0x6353d (size before relaxing)
 .debug_str     0x0000000000075797      0x419 ./Src/tim.o
                                      0x6e36b (size before relaxing)
 .debug_str     0x0000000000075bb0       0x31 ./Startup/startup_stm32f303k8tx.o
                                         0x79 (size before relaxing)

.comment        0x0000000000000000       0x53
 .comment       0x0000000000000000       0x53 ./Drivers/STM32F3xx_HAL_Driver/Src/stm32f3xx_ll_gpio.o
                                         0x54 (size before relaxing)
 .comment       0x0000000000000053       0x54 ./Drivers/STM32F3xx_HAL_Driver/Src/stm32f3xx_ll_tim.o
 .comment       0x0000000000000053       0x54 ./Drivers/STM32F3xx_HAL_Driver/Src/stm32f3xx_ll_utils.o
 .comment       0x0000000000000053       0x54 ./Src/display.o
 .comment       0x0000000000000053       0x54 ./Src/gpio.o
 .comment       0x0000000000000053       0x54 ./Src/main.o
 .comment       0x0000000000000053       0x54 ./Src/stm32f3xx_it.o
 .comment       0x0000000000000053       0x54 ./Src/system_stm32f3xx.o
 .comment       0x0000000000000053       0x54 ./Src/tim.o

.debug_frame    0x0000000000000000     0x1718
 .debug_frame   0x0000000000000000      0x1c0 ./Drivers/STM32F3xx_HAL_Driver/Src/stm32f3xx_ll_gpio.o
 .debug_frame   0x00000000000001c0      0x5d0 ./Drivers/STM32F3xx_HAL_Driver/Src/stm32f3xx_ll_tim.o
 .debug_frame   0x0000000000000790      0x3dc ./Drivers/STM32F3xx_HAL_Driver/Src/stm32f3xx_ll_utils.o
 .debug_frame   0x0000000000000b6c      0x2e4 ./Src/display.o
 .debug_frame   0x0000000000000e50       0x84 ./Src/gpio.o
 .debug_frame   0x0000000000000ed4      0x29c ./Src/main.o
 .debug_frame   0x0000000000001170      0x110 ./Src/stm32f3xx_it.o
 .debug_frame   0x0000000000001280       0x58 ./Src/system_stm32f3xx.o
 .debug_frame   0x00000000000012d8      0x210 ./Src/tim.o
 .debug_frame   0x00000000000014e8       0x2c e:/st/stm32cubeide_1.7.0/stm32cubeide/plugins/com.st.stm32cube.ide.mcu.externaltools.gnu-tools-for-stm32.9-2020-q2-update.win32_2.0.0.202105311346/tools/bin/../lib/gcc/arm-none-eabi/9.3.1/../../../../arm-none-eabi/lib/thumb/v7e-m+fp/hard\libc_nano.a(lib_a-init.o)
 .debug_frame   0x0000000000001514       0x20 e:/st/stm32cubeide_1.7.0/stm32cubeide/plugins/com.st.stm32cube.ide.mcu.externaltools.gnu-tools-for-stm32.9-2020-q2-update.win32_2.0.0.202105311346/tools/bin/../lib/gcc/arm-none-eabi/9.3.1/../../../../arm-none-eabi/lib/thumb/v7e-m+fp/hard\libc_nano.a(lib_a-memset.o)
 .debug_frame   0x0000000000001534       0xac e:/st/stm32cubeide_1.7.0/stm32cubeide/plugins/com.st.stm32cube.ide.mcu.externaltools.gnu-tools-for-stm32.9-2020-q2-update.win32_2.0.0.202105311346/tools/bin/../lib/gcc/arm-none-eabi/9.3.1/thumb/v7e-m+fp/hard\libgcc.a(_arm_addsubdf3.o)
 .debug_frame   0x00000000000015e0       0x50 e:/st/stm32cubeide_1.7.0/stm32cubeide/plugins/com.st.stm32cube.ide.mcu.externaltools.gnu-tools-for-stm32.9-2020-q2-update.win32_2.0.0.202105311346/tools/bin/../lib/gcc/arm-none-eabi/9.3.1/thumb/v7e-m+fp/hard\libgcc.a(_arm_muldivdf3.o)
 .debug_frame   0x0000000000001630       0xc4 e:/st/stm32cubeide_1.7.0/stm32cubeide/plugins/com.st.stm32cube.ide.mcu.externaltools.gnu-tools-for-stm32.9-2020-q2-update.win32_2.0.0.202105311346/tools/bin/../lib/gcc/arm-none-eabi/9.3.1/thumb/v7e-m+fp/hard\libgcc.a(_arm_cmpdf2.o)
 .debug_frame   0x00000000000016f4       0x24 e:/st/stm32cubeide_1.7.0/stm32cubeide/plugins/com.st.stm32cube.ide.mcu.externaltools.gnu-tools-for-stm32.9-2020-q2-update.win32_2.0.0.202105311346/tools/bin/../lib/gcc/arm-none-eabi/9.3.1/thumb/v7e-m+fp/hard\libgcc.a(_arm_fixunsdfsi.o)
