stm32f3xx_ll_tim.h:3971:22:LL_TIM_ClearFlag_UPDATE	16	static
stm32f3xx_ll_tim.h:3982:26:LL_TIM_IsActiveFlag_UPDATE	16	static
stm32f3xx_ll_gpio.h:895:22:LL_GPIO_SetOutputPin	16	static
stm32f3xx_ll_gpio.h:924:22:LL_GPIO_ResetOutputPin	16	static
display.c:28:6:resetSegments	8	static
display.c:41:6:setSegments	8	static
display.c:54:6:resetDigits	8	static
display.c:64:6:setDigits	8	static
display.c:73:6:set_sign	16	static
display.c:103:6:setDigit	16	static
display.c:121:6:display_sign	16	static
display.c:132:6:updateDisplay	24	static
display.c:149:6:TIM3_IRQHandler	8	static
